Component: ARM Compiler 5.06 update 5 (build 528) Tool: armlink [4d35e2]

==============================================================================

Section Cross References

    startup_stm32h743xx.o(STACK) refers (Special) to heapauxi.o(.text) for __use_two_region_memory
    startup_stm32h743xx.o(HEAP) refers (Special) to heapauxi.o(.text) for __use_two_region_memory
    startup_stm32h743xx.o(RESET) refers (Special) to heapauxi.o(.text) for __use_two_region_memory
    startup_stm32h743xx.o(RESET) refers to startup_stm32h743xx.o(STACK) for __initial_sp
    startup_stm32h743xx.o(RESET) refers to startup_stm32h743xx.o(.text) for Reset_Handler
    startup_stm32h743xx.o(RESET) refers to stm32h7xx_it.o(i.NMI_Handler) for NMI_Handler
    startup_stm32h743xx.o(RESET) refers to stm32h7xx_it.o(i.HardFault_Handler) for HardFault_Handler
    startup_stm32h743xx.o(RESET) refers to stm32h7xx_it.o(i.MemManage_Handler) for MemManage_Handler
    startup_stm32h743xx.o(RESET) refers to stm32h7xx_it.o(i.BusFault_Handler) for BusFault_Handler
    startup_stm32h743xx.o(RESET) refers to stm32h7xx_it.o(i.UsageFault_Handler) for UsageFault_Handler
    startup_stm32h743xx.o(RESET) refers to stm32h7xx_it.o(i.SVC_Handler) for SVC_Handler
    startup_stm32h743xx.o(RESET) refers to stm32h7xx_it.o(i.DebugMon_Handler) for DebugMon_Handler
    startup_stm32h743xx.o(RESET) refers to stm32h7xx_it.o(i.PendSV_Handler) for PendSV_Handler
    startup_stm32h743xx.o(RESET) refers to stm32h7xx_it.o(i.SysTick_Handler) for SysTick_Handler
    startup_stm32h743xx.o(RESET) refers to stm32h7xx_it.o(i.DMA1_Stream0_IRQHandler) for DMA1_Stream0_IRQHandler
    startup_stm32h743xx.o(RESET) refers to stm32h7xx_it.o(i.ADC_IRQHandler) for ADC_IRQHandler
    startup_stm32h743xx.o(RESET) refers to stm32h7xx_it.o(i.USART2_IRQHandler) for USART2_IRQHandler
    startup_stm32h743xx.o(RESET) refers to stm32h7xx_it.o(i.EXTI15_10_IRQHandler) for EXTI15_10_IRQHandler
    startup_stm32h743xx.o(.text) refers (Special) to heapauxi.o(.text) for __use_two_region_memory
    startup_stm32h743xx.o(.text) refers to system_stm32h7xx.o(i.SystemInit) for SystemInit
    startup_stm32h743xx.o(.text) refers to __main.o(!!!main) for __main
    startup_stm32h743xx.o(.text) refers to startup_stm32h743xx.o(HEAP) for Heap_Mem
    startup_stm32h743xx.o(.text) refers to startup_stm32h743xx.o(STACK) for Stack_Mem
    main.o(i.HAL_ADCEx_InjectedConvCpltCallback) refers to foc_model.o(i.FOC_Model_step) for FOC_Model_step
    main.o(i.HAL_ADCEx_InjectedConvCpltCallback) refers to stm32h7xx_hal_gpio.o(i.HAL_GPIO_TogglePin) for HAL_GPIO_TogglePin
    main.o(i.HAL_ADCEx_InjectedConvCpltCallback) refers to adc.o(.bss) for hadc1
    main.o(i.HAL_ADCEx_InjectedConvCpltCallback) refers to main.o(.data) for .data
    main.o(i.HAL_ADCEx_InjectedConvCpltCallback) refers to foc_model.o(.bss) for rtU
    main.o(i.HAL_GPIO_EXTI_Callback) refers to stm32h7xx_hal_gpio.o(i.HAL_GPIO_TogglePin) for HAL_GPIO_TogglePin
    main.o(i.HAL_GPIO_EXTI_Callback) refers to stm32h7xx_hal_tim.o(i.HAL_TIM_PWM_Start) for HAL_TIM_PWM_Start
    main.o(i.HAL_GPIO_EXTI_Callback) refers to stm32h7xx_hal_tim_ex.o(i.HAL_TIMEx_PWMN_Start) for HAL_TIMEx_PWMN_Start
    main.o(i.HAL_GPIO_EXTI_Callback) refers to stm32h7xx_hal_tim.o(i.HAL_TIM_PWM_Stop) for HAL_TIM_PWM_Stop
    main.o(i.HAL_GPIO_EXTI_Callback) refers to stm32h7xx_hal_tim_ex.o(i.HAL_TIMEx_PWMN_Stop) for HAL_TIMEx_PWMN_Stop
    main.o(i.HAL_GPIO_EXTI_Callback) refers to main.o(.data) for .data
    main.o(i.HAL_GPIO_EXTI_Callback) refers to foc_model.o(.bss) for rtU
    main.o(i.HAL_GPIO_EXTI_Callback) refers to tim.o(.bss) for htim1
    main.o(i.SystemClock_Config) refers to rt_memclr_w.o(.text) for __aeabi_memclr4
    main.o(i.SystemClock_Config) refers to stm32h7xx_hal_pwr_ex.o(i.HAL_PWREx_ConfigSupply) for HAL_PWREx_ConfigSupply
    main.o(i.SystemClock_Config) refers to stm32h7xx_hal_rcc.o(i.HAL_RCC_OscConfig) for HAL_RCC_OscConfig
    main.o(i.SystemClock_Config) refers to stm32h7xx_hal_rcc.o(i.HAL_RCC_ClockConfig) for HAL_RCC_ClockConfig
    main.o(i.main) refers to stm32h7xx_hal_cortex.o(i.HAL_MPU_Disable) for HAL_MPU_Disable
    main.o(i.main) refers to stm32h7xx_hal_cortex.o(i.HAL_MPU_ConfigRegion) for HAL_MPU_ConfigRegion
    main.o(i.main) refers to stm32h7xx_hal_cortex.o(i.HAL_MPU_Enable) for HAL_MPU_Enable
    main.o(i.main) refers to stm32h7xx_hal.o(i.HAL_Init) for HAL_Init
    main.o(i.main) refers to main.o(i.SystemClock_Config) for SystemClock_Config
    main.o(i.main) refers to gpio.o(i.MX_GPIO_Init) for MX_GPIO_Init
    main.o(i.main) refers to dma.o(i.MX_DMA_Init) for MX_DMA_Init
    main.o(i.main) refers to usart.o(i.MX_USART2_UART_Init) for MX_USART2_UART_Init
    main.o(i.main) refers to adc.o(i.MX_ADC1_Init) for MX_ADC1_Init
    main.o(i.main) refers to tim.o(i.MX_TIM1_Init) for MX_TIM1_Init
    main.o(i.main) refers to bsp_drv8303.o(i.DRV8303_Init) for DRV8303_Init
[...]
    UART_DMAAbortOnError                     0x08007477   Thumb Code    20  stm32h7xx_hal_uart.o(i.UART_DMAAbortOnError)
    i.UART_EndRxTransfer                     0x0800748c   Section        0  stm32h7xx_hal_uart.o(i.UART_EndRxTransfer)
    UART_EndRxTransfer                       0x0800748d   Thumb Code    78  stm32h7xx_hal_uart.o(i.UART_EndRxTransfer)
    i.UART_SetConfig                         0x080074e0   Section        0  stm32h7xx_hal_uart.o(i.UART_SetConfig)
    i.UART_WaitOnFlagUntilTimeout            0x0800788c   Section        0  stm32h7xx_hal_uart.o(i.UART_WaitOnFlagUntilTimeout)
    i.USART2_IRQHandler                      0x08007920   Section        0  stm32h7xx_it.o(i.USART2_IRQHandler)
    i.UsageFault_Handler                     0x0800792c   Section        0  stm32h7xx_it.o(i.UsageFault_Handler)
    i.__ARM_fpclassifyf                      0x0800792e   Section        0  fpclassifyf.o(i.__ARM_fpclassifyf)
    i.__NVIC_SetPriority                     0x08007954   Section        0  stm32h7xx_hal_cortex.o(i.__NVIC_SetPriority)
    __NVIC_SetPriority                       0x08007955   Thumb Code    34  stm32h7xx_hal_cortex.o(i.__NVIC_SetPriority)
    i.__hardfp_cosf                          0x08007978   Section        0  cosf.o(i.__hardfp_cosf)
    i.__hardfp_floorf                        0x08007ac8   Section        0  floorf.o(i.__hardfp_floorf)
    i.__hardfp_fmaxf                         0x08007b40   Section        0  fmaxf.o(i.__hardfp_fmaxf)
    i.__hardfp_fminf                         0x08007b88   Section        0  fminf.o(i.__hardfp_fminf)
    i.__hardfp_fmodf                         0x08007bd0   Section        0  fmodf.o(i.__hardfp_fmodf)
    i.__hardfp_sinf                          0x08007c80   Section        0  sinf.o(i.__hardfp_sinf)
    i.__mathlib_flt_infnan                   0x08007e14   Section        0  funder.o(i.__mathlib_flt_infnan)
    i.__mathlib_flt_invalid                  0x08007e1c   Section        0  funder.o(i.__mathlib_flt_invalid)
    i.__mathlib_flt_underflow                0x08007e2c   Section        0  funder.o(i.__mathlib_flt_underflow)
    i.__mathlib_rredf2                       0x08007e3c   Section        0  rredf.o(i.__mathlib_rredf2)
    i.arm_add_f32                            0x08007f90   Section        0  basicmathfunctions.o(i.arm_add_f32)
    i.arm_offset_f32                         0x08007fac   Section        0  basicmathfunctions.o(i.arm_offset_f32)
    i.arm_scale_f32                          0x08007fc4   Section        0  basicmathfunctions.o(i.arm_scale_f32)
    i.arm_sub_f32                            0x08007fdc   Section        0  basicmathfunctions.o(i.arm_sub_f32)
    i.chipselect                             0x08007ff8   Section        0  spi.o(i.chipselect)
    i.idq_Controller                         0x08008014   Section        0  idq_controller.o(i.idq_Controller)
    i.main                                   0x08008198   Section        0  main.o(i.main)
    i.rtIsInfF                               0x08008228   Section        0  rt_nonfinite.o(i.rtIsInfF)
    i.rtIsNaNF                               0x0800823e   Section        0  rt_nonfinite.o(i.rtIsNaNF)
    i.rt_modf_snf                            0x08008250   Section        0  flux_ob.o(i.rt_modf_snf)
    i.spi1readword                           0x08008384   Section        0  spi.o(i.spi1readword)
    i.spi1writeword                          0x080083cc   Section        0  spi.o(i.spi1writeword)
    i.spisck                                 0x08008424   Section        0  spi.o(i.spisck)
    x$fpl$fcmp4                              0x08008440   Section       82  fcmp4.o(x$fpl$fcmp4)
    $v0                                      0x08008440   Number         0  fcmp4.o(x$fpl$fcmp4)
    x$fpl$fcmpinf                            0x08008492   Section       24  fcmpi.o(x$fpl$fcmpinf)
    $v0                                      0x08008492   Number         0  fcmpi.o(x$fpl$fcmpinf)
    x$fpl$fnaninf                            0x080084aa   Section      140  fnaninf.o(x$fpl$fnaninf)
    $v0                                      0x080084aa   Number         0  fnaninf.o(x$fpl$fnaninf)
    x$fpl$fpinit                             0x08008536   Section       10  fpinit.o(x$fpl$fpinit)
    $v0                                      0x08008536   Number         0  fpinit.o(x$fpl$fpinit)
    x$fpl$frem                               0x08008540   Section      244  frem_clz.o(x$fpl$frem)
    $v0                                      0x08008540   Number         0  frem_clz.o(x$fpl$frem)
    .constdata                               0x08008634   Section       16  system_stm32h7xx.o(.constdata)
    x$fpl$usenofp                            0x08008634   Section        0  usenofp.o(x$fpl$usenofp)
    .constdata                               0x08008644   Section        4  foc_model.o(.constdata)
    .constdata                               0x08008648   Section       12  foc_model_data.o(.constdata)
    .constdata                               0x08008654   Section        8  stm32h7xx_hal_dma.o(.constdata)
    flagBitshiftOffset                       0x08008654   Data           8  stm32h7xx_hal_dma.o(.constdata)
    .constdata                               0x0800865c   Section       24  stm32h7xx_hal_uart.o(.constdata)
    .constdata                               0x08008674   Section       16  stm32h7xx_hal_uart_ex.o(.constdata)
    numerator                                0x08008674   Data           8  stm32h7xx_hal_uart_ex.o(.constdata)
    denominator                              0x0800867c   Data           8  stm32h7xx_hal_uart_ex.o(.constdata)
    .constdata                               0x08008684   Section       32  rredf.o(.constdata)
    twooverpi                                0x08008684   Data          32  rredf.o(.constdata)
    .data                                    0x24000000   Section       24  main.o(.data)
    Motor_state                              0x24000000   Data           1  main.o(.data)
    cnt                                      0x24000001   Data           1  main.o(.data)
    ADC_offset                               0x24000002   Data           2  main.o(.data)
    count                                    0x24000004   Data           2  main.o(.data)
    adc1_in1                                 0x24000008   Data           4  main.o(.data)
    adc1_in2                                 0x2400000c   Data           4  main.o(.data)
    IA_Offset                                0x24000010   Data           4  main.o(.data)
    IB_Offset                                0x24000014   Data           4  main.o(.data)
    .data                                    0x24000018   Section        8  system_stm32h7xx.o(.data)
    .data                                    0x24000020   Section        4  foc_model.o(.data)
    .data                                    0x24000024   Section        4  foc_model.o(.data)
    .data                                    0x24000028   Section       20  foc_model.o(.data)
    .data                                    0x2400003c   Section        4  foc_model.o(.data)
    .data                                    0x24000040   Section        8  foc_model.o(.data)
    .data                                    0x24000048   Section        4  rt_nonfinite.o(.data)
    .data                                    0x2400004c   Section       12  stm32h7xx_hal.o(.data)
    .bss                                     0x24000058   Section      100  adc.o(.bss)
    .bss                                     0x240000bc   Section       76  tim.o(.bss)
    .bss                                     0x24000108   Section      268  usart.o(.bss)
    .bss                                     0x24000214   Section       20  bsp_drv8303.o(.bss)
    .bss                                     0x24000228   Section      136  spi.o(.bss)
    .bss                                     0x240002b0   Section      188  foc_model.o(.bss)
    .bss                                     0x2400036c   Section       12  foc_model.o(.bss)
    rtM_                                     0x2400036c   Data          12  foc_model.o(.bss)
    .bss                                     0x24000378   Section       96  libspace.o(.bss)
    HEAP                                     0x240003d8   Section      512  startup_stm32h743xx.o(HEAP)
    Heap_Mem                                 0x240003d8   Data         512  startup_stm32h743xx.o(HEAP)
    STACK                                    0x240005d8   Section     1024  startup_stm32h743xx.o(STACK)
    Stack_Mem                                0x240005d8   Data        1024  startup_stm32h743xx.o(STACK)
    __initial_sp                             0x240009d8   Data           0  startup_stm32h743xx.o(STACK)

    Global Symbols

    Symbol Name                              Value     Ov Type        Size  Object(Section)

    BuildAttributes$$THM_ISAv4$E$P$D$K$B$S$7EM$VFPv5_D16$PE$PLD8$A:L22UL41UL21$X:L11$S22US41US21$IEEE1$IW$USESV6$~STKCKD$USESV7$~SHL$OTIME$ROPI$IEEEX$EBA8$UX$STANDARDLIB$REQ8$PRES8$EABIv2 0x00000000   Number         0  anon$$obj.o ABSOLUTE
    __ARM_use_no_argv                        0x00000000   Number         0  main.o ABSOLUTE
    __ARM_exceptions_init                     - Undefined Weak Reference
    __alloca_initialize                       - Undefined Weak Reference
    __arm_preinit_                            - Undefined Weak Reference
    __cpp_initialize__aeabi_                  - Undefined Weak Reference
    __cxa_finalize                            - Undefined Weak Reference
    __rt_locale                               - Undefined Weak Reference
    __sigvec_lookup                           - Undefined Weak Reference
    _atexit_init                              - Undefined Weak Reference
    _call_atexit_fns                          - Undefined Weak Reference
    _clock_init                               - Undefined Weak Reference
    _fp_trap_init                             - Undefined Weak Reference
    _fp_trap_shutdown                         - Undefined Weak Reference
    _get_lc_collate                           - Undefined Weak Reference
    _get_lc_ctype                             - Undefined Weak Reference
    _get_lc_monetary                          - Undefined Weak Reference
    _get_lc_numeric                           - Undefined Weak Reference
    _get_lc_time                              - Undefined Weak Reference
    _getenv_init                              - Undefined Weak Reference
    _handle_redirection                       - Undefined Weak Reference
    _init_alloc                               - Undefined Weak Reference
    _init_user_alloc                          - Undefined Weak Reference
    _initio                                   - Undefined Weak Reference
    _rand_init                                - Undefined Weak Reference
    _signal_finish                            - Undefined Weak Reference
    _signal_init                              - Undefined Weak Reference
    _terminate_alloc                          - Undefined Weak Reference
    _terminate_user_alloc                     - Undefined Weak Reference
    _terminateio                              - Undefined Weak Reference
    __Vectors_Size                           0x00000298   Number         0  startup_stm32h743xx.o ABSOLUTE
    __Vectors                                0x08000000   Data           4  startup_stm32h743xx.o(RESET)
    __Vectors_End                            0x08000298   Data           0  startup_stm32h743xx.o(RESET)
    __main                                   0x08000299   Thumb Code     8  __main.o(!!!main)
    __scatterload                            0x080002a1   Thumb Code     0  __scatter.o(!!!scatter)
    __scatterload_rt2                        0x080002a1   Thumb Code    44  __scatter.o(!!!scatter)
    __scatterload_rt2_thumb_only             0x080002a1   Thumb Code     0  __scatter.o(!!!scatter)
    __scatterload_null                       0x080002af   Thumb Code     0  __scatter.o(!!!scatter)
    __scatterload_copy                       0x080002d5   Thumb Code    26  __scatter_copy.o(!!handler_copy)
    __scatterload_zeroinit                   0x080002f1   Thumb Code    28  __scatter_zi.o(!!handler_zi)
    __rt_lib_init                            0x0800030d   Thumb Code     0  libinit.o(.ARM.Collect$$libinit$$00000000)
    __rt_lib_init_fp_1                       0x0800030f   Thumb Code     0  libinit2.o(.ARM.Collect$$libinit$$00000001)
    __rt_lib_init_alloca_1                   0x08000313   Thumb Code     0  libinit2.o(.ARM.Collect$$libinit$$0000002E)
    __rt_lib_init_argv_1                     0x08000313   Thumb Code     0  libinit2.o(.ARM.Collect$$libinit$$0000002C)
    __rt_lib_init_atexit_1                   0x08000313   Thumb Code     0  libinit2.o(.ARM.Collect$$libinit$$0000001B)
    __rt_lib_init_clock_1                    0x08000313   Thumb Code     0  libinit2.o(.ARM.Collect$$libinit$$00000021)
    __rt_lib_init_cpp_1                      0x08000313   Thumb Code     0  libinit2.o(.ARM.Collect$$libinit$$00000032)
    __rt_lib_init_exceptions_1               0x08000313   Thumb Code     0  libinit2.o(.ARM.Collect$$libinit$$00000030)
    __rt_lib_init_fp_trap_1                  0x08000313   Thumb Code     0  libinit2.o(.ARM.Collect$$libinit$$0000001F)
    __rt_lib_init_getenv_1                   0x08000313   Thumb Code     0  libinit2.o(.ARM.Collect$$libinit$$00000023)
    __rt_lib_init_heap_1                     0x08000313   Thumb Code     0  libinit2.o(.ARM.Collect$$libinit$$0000000A)
    __rt_lib_init_lc_collate_1               0x08000313   Thumb Code     0  libinit2.o(.ARM.Collect$$libinit$$00000011)
    __rt_lib_init_lc_ctype_1                 0x08000313   Thumb Code     0  libinit2.o(.ARM.Collect$$libinit$$00000013)
    __rt_lib_init_lc_monetary_1              0x08000313   Thumb Code     0  libinit2.o(.ARM.Collect$$libinit$$00000015)
    __rt_lib_init_lc_numeric_1               0x08000313   Thumb Code     0  libinit2.o(.ARM.Collect$$libinit$$00000017)
    __rt_lib_init_lc_time_1                  0x08000313   Thumb Code     0  libinit2.o(.ARM.Collect$$libinit$$00000019)
    __rt_lib_init_preinit_1                  0x08000313   Thumb Code     0  libinit2.o(.ARM.Collect$$libinit$$00000004)
    __rt_lib_init_rand_1                     0x08000313   Thumb Code     0  libinit2.o(.ARM.Collect$$libinit$$0000000E)
    __rt_lib_init_return                     0x08000313   Thumb Code     0  libinit2.o(.ARM.Collect$$libinit$$00000033)
    __rt_lib_init_signal_1                   0x08000313   Thumb Code     0  libinit2.o(.ARM.Collect$$libinit$$0000001D)
    __rt_lib_init_stdio_1                    0x08000313   Thumb Code     0  libinit2.o(.ARM.Collect$$libinit$$00000025)
    __rt_lib_init_user_alloc_1               0x08000313   Thumb Code     0  libinit2.o(.ARM.Collect$$libinit$$0000000C)
    __rt_lib_shutdown                        0x08000315   Thumb Code     0  libshutdown.o(.ARM.Collect$$libshutdown$$00000000)
    __rt_lib_shutdown_cpp_1                  0x08000317   Thumb Code     0  libshutdown2.o(.ARM.Collect$$libshutdown$$00000002)
    __rt_lib_shutdown_fp_trap_1              0x08000317   Thumb Code     0  libshutdown2.o(.ARM.Collect$$libshutdown$$00000007)
    __rt_lib_shutdown_heap_1                 0x08000317   Thumb Code     0  libshutdown2.o(.ARM.Collect$$libshutdown$$0000000F)
    __rt_lib_shutdown_return                 0x08000317   Thumb Code     0  libshutdown2.o(.ARM.Collect$$libshutdown$$00000010)
    __rt_lib_shutdown_signal_1               0x08000317   Thumb Code     0  libshutdown2.o(.ARM.Collect$$libshutdown$$0000000A)
    __rt_lib_shutdown_stdio_1                0x08000317   Thumb Code     0  libshutdown2.o(.ARM.Collect$$libshutdown$$00000004)
    __rt_lib_shutdown_user_alloc_1           0x08000317   Thumb Code     0  libshutdown2.o(.ARM.Collect$$libshutdown$$0000000C)
    __rt_entry                               0x08000319   Thumb Code     0  __rtentry.o(.ARM.Collect$$rtentry$$00000000)
    __rt_entry_presh_1                       0x08000319   Thumb Code     0  __rtentry2.o(.ARM.Collect$$rtentry$$00000002)
    __rt_entry_sh                            0x08000319   Thumb Code     0  __rtentry4.o(.ARM.Collect$$rtentry$$00000004)
    __rt_entry_li                            0x0800031f   Thumb Code     0  __rtentry2.o(.ARM.Collect$$rtentry$$0000000A)
    __rt_entry_postsh_1                      0x0800031f   Thumb Code     0  __rtentry2.o(.ARM.Collect$$rtentry$$00000009)
    __rt_entry_main                          0x08000323   Thumb Code     0  __rtentry2.o(.ARM.Collect$$rtentry$$0000000D)
    __rt_entry_postli_1                      0x08000323   Thumb Code     0  __rtentry2.o(.ARM.Collect$$rtentry$$0000000C)
    __rt_exit                                0x0800032b   Thumb Code     0  rtexit.o(.ARM.Collect$$rtexit$$00000000)
    __rt_exit_ls                             0x0800032d   Thumb Code     0  rtexit2.o(.ARM.Collect$$rtexit$$00000003)
    __rt_exit_prels_1                        0x0800032d   Thumb Code     0  rtexit2.o(.ARM.Collect$$rtexit$$00000002)
    __rt_exit_exit                           0x08000331   Thumb Code     0  rtexit2.o(.ARM.Collect$$rtexit$$00000004)
    Reset_Handler                            0x08000339   Thumb Code     8  startup_stm32h743xx.o(.text)
    ADC3_IRQHandler                          0x08000353   Thumb Code     0  startup_stm32h743xx.o(.text)
    BDMA_Channel0_IRQHandler                 0x08000353   Thumb Code     0  startup_stm32h743xx.o(.text)
    BDMA_Channel1_IRQHandler                 0x08000353   Thumb Code     0  startup_stm32h743xx.o(.text)
    BDMA_Channel2_IRQHandler                 0x08000353   Thumb Code     0  startup_stm32h743xx.o(.text)
    BDMA_Channel3_IRQHandler                 0x08000353   Thumb Code     0  startup_stm32h743xx.o(.text)
    BDMA_Channel4_IRQHandler                 0x08000353   Thumb Code     0  startup_stm32h743xx.o(.text)
    BDMA_Channel5_IRQHandler                 0x08000353   Thumb Code     0  startup_stm32h743xx.o(.text)
    BDMA_Channel6_IRQHandler                 0x08000353   Thumb Code     0  startup_stm32h743xx.o(.text)
    BDMA_Channel7_IRQHandler                 0x08000353   Thumb Code     0  startup_stm32h743xx.o(.text)
    CEC_IRQHandler                           0x08000353   Thumb Code     0  startup_stm32h743xx.o(.text)
    COMP1_IRQHandler                         0x08000353   Thumb Code     0  startup_stm32h743xx.o(.text)
    CRS_IRQHandler                           0x08000353   Thumb Code     0  startup_stm32h743xx.o(.text)
    DCMI_IRQHandler                          0x08000353   Thumb Code     0  startup_stm32h743xx.o(.text)
    DFSDM1_FLT0_IRQHandler                   0x08000353   Thumb Code     0  startup_stm32h743xx.o(.text)
    DFSDM1_FLT1_IRQHandler                   0x08000353   Thumb Code     0  startup_stm32h743xx.o(.text)
    DFSDM1_FLT2_IRQHandler                   0x08000353   Thumb Code     0  startup_stm32h743xx.o(.text)
    DFSDM1_FLT3_IRQHandler                   0x08000353   Thumb Code     0  startup_stm32h743xx.o(.text)
    DMA1_Stream1_IRQHandler                  0x08000353   Thumb Code     0  startup_stm32h743xx.o(.text)
    DMA1_Stream2_IRQHandler                  0x08000353   Thumb Code     0  startup_stm32h743xx.o(.text)
    DMA1_Stream3_IRQHandler                  0x08000353   Thumb Code     0  startup_stm32h743xx.o(.text)
    DMA1_Stream4_IRQHandler                  0x08000353   Thumb Code     0  startup_stm32h743xx.o(.text)
    DMA1_Stream5_IRQHandler                  0x08000353   Thumb Code     0  startup_stm32h743xx.o(.text)
    DMA1_Stream6_IRQHandler                  0x08000353   Thumb Code     0  startup_stm32h743xx.o(.text)
    DMA1_Stream7_IRQHandler                  0x08000353   Thumb Code     0  startup_stm32h743xx.o(.text)
    DMA2D_IRQHandler                         0x08000353   Thumb Code     0  startup_stm32h743xx.o(.text)
    DMA2_Stream0_IRQHandler                  0x08000353   Thumb Code     0  startup_stm32h743xx.o(.text)
    DMA2_Stream1_IRQHandler                  0x08000353   Thumb Code     0  startup_stm32h743xx.o(.text)
    DMA2_Stream2_IRQHandler                  0x08000353   Thumb Code     0  startup_stm32h743xx.o(.text)
    DMA2_Stream3_IRQHandler                  0x08000353   Thumb Code     0  startup_stm32h743xx.o(.text)
    DMA2_Stream4_IRQHandler                  0x08000353   Thumb Code     0  startup_stm32h743xx.o(.text)
    DMA2_Stream5_IRQHandler                  0x08000353   Thumb Code     0  startup_stm32h743xx.o(.text)
    DMA2_Stream6_IRQHandler                  0x08000353   Thumb Code     0  startup_stm32h743xx.o(.text)
    DMA2_Stream7_IRQHandler                  0x08000353   Thumb Code     0  startup_stm32h743xx.o(.text)
    DMAMUX1_OVR_IRQHandler                   0x08000353   Thumb Code     0  startup_stm32h743xx.o(.text)
    DMAMUX2_OVR_IRQHandler                   0x08000353   Thumb Code     0  startup_stm32h743xx.o(.text)
    ECC_IRQHandler                           0x08000353   Thumb Code     0  startup_stm32h743xx.o(.text)
    ETH_IRQHandler                           0x08000353   Thumb Code     0  startup_stm32h743xx.o(.text)
    ETH_WKUP_IRQHandler                      0x08000353   Thumb Code     0  startup_stm32h743xx.o(.text)
    EXTI0_IRQHandler                         0x08000353   Thumb Code     0  startup_stm32h743xx.o(.text)
    EXTI1_IRQHandler                         0x08000353   Thumb Code     0  startup_stm32h743xx.o(.text)
    EXTI2_IRQHandler                         0x08000353   Thumb Code     0  startup_stm32h743xx.o(.text)
    EXTI3_IRQHandler                         0x08000353   Thumb Code     0  startup_stm32h743xx.o(.text)
    EXTI4_IRQHandler                         0x08000353   Thumb Code     0  startup_stm32h743xx.o(.text)
    EXTI9_5_IRQHandler                       0x08000353   Thumb Code     0  startup_stm32h743xx.o(.text)
    FDCAN1_IT0_IRQHandler                    0x08000353   Thumb Code     0  startup_stm32h743xx.o(.text)
    FDCAN1_IT1_IRQHandler                    0x08000353   Thumb Code     0  startup_stm32h743xx.o(.text)
    FDCAN2_IT0_IRQHandler                    0x08000353   Thumb Code     0  startup_stm32h743xx.o(.text)
    FDCAN2_IT1_IRQHandler                    0x08000353   Thumb Code     0  startup_stm32h743xx.o(.text)
    FDCAN_CAL_IRQHandler                     0x08000353   Thumb Code     0  startup_stm32h743xx.o(.text)
    FLASH_IRQHandler                         0x08000353   Thumb Code     0  startup_stm32h743xx.o(.text)
    FMC_IRQHandler                           0x08000353   Thumb Code     0  startup_stm32h743xx.o(.text)
    FPU_IRQHandler                           0x08000353   Thumb Code     0  startup_stm32h743xx.o(.text)
    HRTIM1_FLT_IRQHandler                    0x08000353   Thumb Code     0  startup_stm32h743xx.o(.text)
    HRTIM1_Master_IRQHandler                 0x08000353   Thumb Code     0  startup_stm32h743xx.o(.text)
    HRTIM1_TIMA_IRQHandler                   0x08000353   Thumb Code     0  startup_stm32h743xx.o(.text)
    HRTIM1_TIMB_IRQHandler                   0x08000353   Thumb Code     0  startup_stm32h743xx.o(.text)
    HRTIM1_TIMC_IRQHandler                   0x08000353   Thumb Code     0  startup_stm32h743xx.o(.text)
    HRTIM1_TIMD_IRQHandler                   0x08000353   Thumb Code     0  startup_stm32h743xx.o(.text)
    HRTIM1_TIME_IRQHandler                   0x08000353   Thumb Code     0  startup_stm32h743xx.o(.text)
    HSEM1_IRQHandler                         0x08000353   Thumb Code     0  startup_stm32h743xx.o(.text)
    I2C1_ER_IRQHandler                       0x08000353   Thumb Code     0  startup_stm32h743xx.o(.text)
    I2C1_EV_IRQHandler                       0x08000353   Thumb Code     0  startup_stm32h743xx.o(.text)
    I2C2_ER_IRQHandler                       0x08000353   Thumb Code     0  startup_stm32h743xx.o(.text)
    I2C2_EV_IRQHandler                       0x08000353   Thumb Code     0  startup_stm32h743xx.o(.text)
    I2C3_ER_IRQHandler                       0x08000353   Thumb Code     0  startup_stm32h743xx.o(.text)
    I2C3_EV_IRQHandler                       0x08000353   Thumb Code     0  startup_stm32h743xx.o(.text)
    I2C4_ER_IRQHandler                       0x08000353   Thumb Code     0  startup_stm32h743xx.o(.text)
    I2C4_EV_IRQHandler                       0x08000353   Thumb Code     0  startup_stm32h743xx.o(.text)
    JPEG_IRQHandler                          0x08000353   Thumb Code     0  startup_stm32h743xx.o(.text)
    LPTIM1_IRQHandler                        0x08000353   Thumb Code     0  startup_stm32h743xx.o(.text)
    LPTIM2_IRQHandler                        0x08000353   Thumb Code     0  startup_stm32h743xx.o(.text)
    LPTIM3_IRQHandler                        0x08000353   Thumb Code     0  startup_stm32h743xx.o(.text)
    LPTIM4_IRQHandler                        0x08000353   Thumb Code     0  startup_stm32h743xx.o(.text)
    LPTIM5_IRQHandler                        0x08000353   Thumb Code     0  startup_stm32h743xx.o(.text)
    LPUART1_IRQHandler                       0x08000353   Thumb Code     0  startup_stm32h743xx.o(.text)
    LTDC_ER_IRQHandler                       0x08000353   Thumb Code     0  startup_stm32h743xx.o(.text)
    LTDC_IRQHandler                          0x08000353   Thumb Code     0  startup_stm32h743xx.o(.text)
    MDIOS_IRQHandler                         0x08000353   Thumb Code     0  startup_stm32h743xx.o(.text)
    MDIOS_WKUP_IRQHandler                    0x08000353   Thumb Code     0  startup_stm32h743xx.o(.text)
    MDMA_IRQHandler                          0x08000353   Thumb Code     0  startup_stm32h743xx.o(.text)
    OTG_FS_EP1_IN_IRQHandler                 0x08000353   Thumb Code     0  startup_stm32h743xx.o(.text)
    OTG_FS_EP1_OUT_IRQHandler                0x08000353   Thumb Code     0  startup_stm32h743xx.o(.text)
    OTG_FS_IRQHandler                        0x08000353   Thumb Code     0  startup_stm32h743xx.o(.text)
    OTG_FS_WKUP_IRQHandler                   0x08000353   Thumb Code     0  startup_stm32h743xx.o(.text)
    OTG_HS_EP1_IN_IRQHandler                 0x08000353   Thumb Code     0  startup_stm32h743xx.o(.text)
    OTG_HS_EP1_OUT_IRQHandler                0x08000353   Thumb Code     0  startup_stm32h743xx.o(.text)
    OTG_HS_IRQHandler                        0x08000353   Thumb Code     0  startup_stm32h743xx.o(.text)
    OTG_HS_WKUP_IRQHandler                   0x08000353   Thumb Code     0  startup_stm32h743xx.o(.text)
    PVD_AVD_IRQHandler                       0x08000353   Thumb Code     0  startup_stm32h743xx.o(.text)
    QUADSPI_IRQHandler                       0x08000353   Thumb Code     0  startup_stm32h743xx.o(.text)
    RCC_IRQHandler                           0x08000353   Thumb Code     0  startup_stm32h743xx.o(.text)
    RNG_IRQHandler                           0x08000353   Thumb Code     0  startup_stm32h743xx.o(.text)
    RTC_Alarm_IRQHandler                     0x08000353   Thumb Code     0  startup_stm32h743xx.o(.text)
    RTC_WKUP_IRQHandler                      0x08000353   Thumb Code     0  startup_stm32h743xx.o(.text)
    SAI1_IRQHandler                          0x08000353   Thumb Code     0  startup_stm32h743xx.o(.text)
    SAI2_IRQHandler                          0x08000353   Thumb Code     0  startup_stm32h743xx.o(.text)
    SAI3_IRQHandler                          0x08000353   Thumb Code     0  startup_stm32h743xx.o(.text)
    SAI4_IRQHandler                          0x08000353   Thumb Code     0  startup_stm32h743xx.o(.text)
    SDMMC1_IRQHandler                        0x08000353   Thumb Code     0  startup_stm32h743xx.o(.text)
    SDMMC2_IRQHandler                        0x08000353   Thumb Code     0  startup_stm32h743xx.o(.text)
    SPDIF_RX_IRQHandler                      0x08000353   Thumb Code     0  startup_stm32h743xx.o(.text)
    SPI1_IRQHandler                          0x08000353   Thumb Code     0  startup_stm32h743xx.o(.text)
    SPI2_IRQHandler                          0x08000353   Thumb Code     0  startup_stm32h743xx.o(.text)
    SPI3_IRQHandler                          0x08000353   Thumb Code     0  startup_stm32h743xx.o(.text)
    SPI4_IRQHandler                          0x08000353   Thumb Code     0  startup_stm32h743xx.o(.text)
    SPI5_IRQHandler                          0x08000353   Thumb Code     0  startup_stm32h743xx.o(.text)
    SPI6_IRQHandler                          0x08000353   Thumb Code     0  startup_stm32h743xx.o(.text)
    SWPMI1_IRQHandler                        0x08000353   Thumb Code     0  startup_stm32h743xx.o(.text)
    TAMP_STAMP_IRQHandler                    0x08000353   Thumb Code     0  startup_stm32h743xx.o(.text)
    TIM15_IRQHandler                         0x08000353   Thumb Code     0  startup_stm32h743xx.o(.text)
    TIM16_IRQHandler                         0x08000353   Thumb Code     0  startup_stm32h743xx.o(.text)
    TIM17_IRQHandler                         0x08000353   Thumb Code     0  startup_stm32h743xx.o(.text)
    TIM1_BRK_IRQHandler                      0x08000353   Thumb Code     0  startup_stm32h743xx.o(.text)
    TIM1_CC_IRQHandler                       0x08000353   Thumb Code     0  startup_stm32h743xx.o(.text)
    TIM1_TRG_COM_IRQHandler                  0x08000353   Thumb Code     0  startup_stm32h743xx.o(.text)
    TIM1_UP_IRQHandler                       0x08000353   Thumb Code     0  startup_stm32h743xx.o(.text)
    TIM2_IRQHandler                          0x08000353   Thumb Code     0  startup_stm32h743xx.o(.text)
    TIM3_IRQHandler                          0x08000353   Thumb Code     0  startup_stm32h743xx.o(.text)
    TIM4_IRQHandler                          0x08000353   Thumb Code     0  startup_stm32h743xx.o(.text)
    TIM5_IRQHandler                          0x08000353   Thumb Code     0  startup_stm32h743xx.o(.text)
    TIM6_DAC_IRQHandler                      0x08000353   Thumb Code     0  startup_stm32h743xx.o(.text)
    TIM7_IRQHandler                          0x08000353   Thumb Code     0  startup_stm32h743xx.o(.text)
    TIM8_BRK_TIM12_IRQHandler                0x08000353   Thumb Code     0  startup_stm32h743xx.o(.text)
    TIM8_CC_IRQHandler                       0x08000353   Thumb Code     0  startup_stm32h743xx.o(.text)
    TIM8_TRG_COM_TIM14_IRQHandler            0x08000353   Thumb Code     0  startup_stm32h743xx.o(.text)
    TIM8_UP_TIM13_IRQHandler                 0x08000353   Thumb Code     0  startup_stm32h743xx.o(.text)
    UART4_IRQHandler                         0x08000353   Thumb Code     0  startup_stm32h743xx.o(.text)
    UART5_IRQHandler                         0x08000353   Thumb Code     0  startup_stm32h743xx.o(.text)
    UART7_IRQHandler                         0x08000353   Thumb Code     0  startup_stm32h743xx.o(.text)
    UART8_IRQHandler                         0x08000353   Thumb Code     0  startup_stm32h743xx.o(.text)
    USART1_IRQHandler                        0x08000353   Thumb Code     0  startup_stm32h743xx.o(.text)
    USART3_IRQHandler                        0x08000353   Thumb Code     0  startup_stm32h743xx.o(.text)
    USART6_IRQHandler                        0x08000353   Thumb Code     0  startup_stm32h743xx.o(.text)
    WAKEUP_PIN_IRQHandler                    0x08000353   Thumb Code     0  startup_stm32h743xx.o(.text)
    WWDG_IRQHandler                          0x08000353   Thumb Code     0  startup_stm32h743xx.o(.text)
    __user_initial_stackheap                 0x08000355   Thumb Code     0  startup_stm32h743xx.o(.text)
    __aeabi_uldivmod                         0x08000379   Thumb Code     0  lludivv7m.o(.text)
    _ll_udiv                                 0x08000379   Thumb Code   238  lludivv7m.o(.text)
    __aeabi_memclr4                          0x08000467   Thumb Code     0  rt_memclr_w.o(.text)
    __aeabi_memclr8                          0x08000467   Thumb Code     0  rt_memclr_w.o(.text)
    __rt_memclr_w                            0x08000467   Thumb Code    78  rt_memclr_w.o(.text)
    _memset_w                                0x0800046b   Thumb Code     0  rt_memclr_w.o(.text)
    __use_two_region_memory                  0x080004b5   Thumb Code     2  heapauxi.o(.text)
    __rt_heap_escrow$2region                 0x080004b7   Thumb Code     2  heapauxi.o(.text)
    __rt_heap_expand$2region                 0x080004b9   Thumb Code     2  heapauxi.o(.text)
    __read_errno                             0x080004bb   Thumb Code    10  _rserrno.o(.text)
    __set_errno                              0x080004c5   Thumb Code    12  _rserrno.o(.text)
    __aeabi_errno_addr                       0x080004d1   Thumb Code     8  rt_errno_addr_intlibspace.o(.text)
    __errno$intlibspace                      0x080004d1   Thumb Code     0  rt_errno_addr_intlibspace.o(.text)
    __rt_errno_addr$intlibspace              0x080004d1   Thumb Code     0  rt_errno_addr_intlibspace.o(.text)
    __user_libspace                          0x080004d9   Thumb Code     8  libspace.o(.text)
    __user_perproc_libspace                  0x080004d9   Thumb Code     0  libspace.o(.text)
    __user_perthread_libspace                0x080004d9   Thumb Code     0  libspace.o(.text)
    __user_setup_stackheap                   0x080004e1   Thumb Code    74  sys_stackheap_outer.o(.text)
    exit                                     0x0800052b   Thumb Code    18  exit.o(.text)
    _sys_exit                                0x0800053d   Thumb Code     8  sys_exit.o(.text)
    __I$use$semihosting                      0x08000549   Thumb Code     0  use_no_semi.o(.text)
    __use_no_semihosting_swi                 0x08000549   Thumb Code     2  use_no_semi.o(.text)
    __semihosting_library_function           0x0800054b   Thumb Code     0  indicate_semi.o(.text)
    ADC_ConfigureBoostMode                   0x0800054d   Thumb Code   236  stm32h7xx_hal_adc.o(i.ADC_ConfigureBoostMode)
    ADC_Enable                               0x08000655   Thumb Code   148  stm32h7xx_hal_adc.o(i.ADC_Enable)
    ADC_IRQHandler                           0x080006fd   Thumb Code     6  stm32h7xx_it.o(i.ADC_IRQHandler)
    BusFault_Handler                         0x08000709   Thumb Code     2  stm32h7xx_it.o(i.BusFault_Handler)
    Clark                                    0x0800070d   Thumb Code    44  foc_model.o(i.Clark)
    Curr_loop                                0x08000749   Thumb Code   780  foc_model.o(i.Curr_loop)
    Curr_loop_Init                           0x08000a75   Thumb Code    20  foc_model.o(i.Curr_loop_Init)
    DMA1_Stream0_IRQHandler                  0x08000a8d   Thumb Code     6  stm32h7xx_it.o(i.DMA1_Stream0_IRQHandler)
    DRV8303_Init                             0x08000cb1   Thumb Code   182  bsp_drv8303.o(i.DRV8303_Init)
    DebugMon_Handler                         0x08000d7d   Thumb Code     2  stm32h7xx_it.o(i.DebugMon_Handler)
    EXTI15_10_IRQHandler                     0x08000d7f   Thumb Code     8  stm32h7xx_it.o(i.EXTI15_10_IRQHandler)
    Error_Handler                            0x08000d87   Thumb Code     4  main.o(i.Error_Handler)
    FLUX_OB                                  0x08000d8d   Thumb Code   496  flux_ob.o(i.FLUX_OB)
    FOC_Model_initialize                     0x08000fb1   Thumb Code    32  foc_model.o(i.FOC_Model_initialize)
    FOC_Model_step                           0x08000fd5   Thumb Code   460  foc_model.o(i.FOC_Model_step)
    HAL_ADCEx_DisableInjectedQueue           0x080011bd   Thumb Code    44  stm32h7xx_hal_adc_ex.o(i.HAL_ADCEx_DisableInjectedQueue)
    HAL_ADCEx_EndOfSamplingCallback          0x080011ed   Thumb Code     2  stm32h7xx_hal_adc_ex.o(i.HAL_ADCEx_EndOfSamplingCallback)
    HAL_ADCEx_InjectedConfigChannel          0x080011f1   Thumb Code  1390  stm32h7xx_hal_adc_ex.o(i.HAL_ADCEx_InjectedConfigChannel)
    HAL_ADCEx_InjectedConvCpltCallback       0x08001785   Thumb Code   198  main.o(i.HAL_ADCEx_InjectedConvCpltCallback)
    HAL_ADCEx_InjectedQueueOverflowCallback  0x08001865   Thumb Code     2  stm32h7xx_hal_adc_ex.o(i.HAL_ADCEx_InjectedQueueOverflowCallback)
    HAL_ADCEx_InjectedStart_IT               0x08001869   Thumb Code   290  stm32h7xx_hal_adc_ex.o(i.HAL_ADCEx_InjectedStart_IT)
    HAL_ADCEx_LevelOutOfWindow2Callback      0x080019a1   Thumb Code     2  stm32h7xx_hal_adc_ex.o(i.HAL_ADCEx_LevelOutOfWindow2Callback)
    HAL_ADCEx_LevelOutOfWindow3Callback      0x080019a3   Thumb Code     2  stm32h7xx_hal_adc_ex.o(i.HAL_ADCEx_LevelOutOfWindow3Callback)
    HAL_ADCEx_MultiModeConfigChannel         0x080019a5   Thumb Code   274  stm32h7xx_hal_adc_ex.o(i.HAL_ADCEx_MultiModeConfigChannel)
    HAL_ADC_ConfigChannel                    0x08001acd   Thumb Code   926  stm32h7xx_hal_adc.o(i.HAL_ADC_ConfigChannel)
    HAL_ADC_ConvCpltCallback                 0x08001ea5   Thumb Code     2  stm32h7xx_hal_adc.o(i.HAL_ADC_ConvCpltCallback)
    HAL_ADC_ErrorCallback                    0x08001ea7   Thumb Code     2  stm32h7xx_hal_adc.o(i.HAL_ADC_ErrorCallback)
    HAL_ADC_IRQHandler                       0x08001ea9   Thumb Code   640  stm32h7xx_hal_adc.o(i.HAL_ADC_IRQHandler)
    HAL_ADC_Init                             0x08002139   Thumb Code   498  stm32h7xx_hal_adc.o(i.HAL_ADC_Init)
    HAL_ADC_LevelOutOfWindowCallback         0x08002361   Thumb Code     2  stm32h7xx_hal_adc.o(i.HAL_ADC_LevelOutOfWindowCallback)
    HAL_ADC_MspInit                          0x08002365   Thumb Code   156  adc.o(i.HAL_ADC_MspInit)
    HAL_DMA_Abort                            0x0800240d   Thumb Code   836  stm32h7xx_hal_dma.o(i.HAL_DMA_Abort)
    HAL_DMA_Abort_IT                         0x0800276d   Thumb Code   602  stm32h7xx_hal_dma.o(i.HAL_DMA_Abort_IT)
    HAL_DMA_IRQHandler                       0x080029f1   Thumb Code  1756  stm32h7xx_hal_dma.o(i.HAL_DMA_IRQHandler)
    HAL_DMA_Init                             0x080030d9   Thumb Code   926  stm32h7xx_hal_dma.o(i.HAL_DMA_Init)
    HAL_Delay                                0x0800349d   Thumb Code    32  stm32h7xx_hal.o(i.HAL_Delay)
    HAL_GPIO_EXTI_Callback                   0x080034c1   Thumb Code   156  main.o(i.HAL_GPIO_EXTI_Callback)
    HAL_GPIO_EXTI_IRQHandler                 0x08003575   Thumb Code    24  stm32h7xx_hal_gpio.o(i.HAL_GPIO_EXTI_IRQHandler)
    HAL_GPIO_Init                            0x0800358d   Thumb Code   506  stm32h7xx_hal_gpio.o(i.HAL_GPIO_Init)
    HAL_GPIO_ReadPin                         0x080037b9   Thumb Code    10  stm32h7xx_hal_gpio.o(i.HAL_GPIO_ReadPin)
    HAL_GPIO_TogglePin                       0x080037c3   Thumb Code    16  stm32h7xx_hal_gpio.o(i.HAL_GPIO_TogglePin)
    HAL_GPIO_WritePin                        0x080037d3   Thumb Code    10  stm32h7xx_hal_gpio.o(i.HAL_GPIO_WritePin)
    HAL_GetREVID                             0x080037dd   Thumb Code     8  stm32h7xx_hal.o(i.HAL_GetREVID)
    HAL_GetTick                              0x080037e9   Thumb Code     6  stm32h7xx_hal.o(i.HAL_GetTick)
    HAL_IncTick                              0x080037f5   Thumb Code    12  stm32h7xx_hal.o(i.HAL_IncTick)
    HAL_Init                                 0x08003805   Thumb Code    74  stm32h7xx_hal.o(i.HAL_Init)
    HAL_InitTick                             0x08003861   Thumb Code    56  stm32h7xx_hal.o(i.HAL_InitTick)
    HAL_MPU_ConfigRegion                     0x080038a1   Thumb Code    86  stm32h7xx_hal_cortex.o(i.HAL_MPU_ConfigRegion)
    HAL_MPU_Disable                          0x080038fd   Thumb Code    24  stm32h7xx_hal_cortex.o(i.HAL_MPU_Disable)
    HAL_MPU_Enable                           0x08003919   Thumb Code    30  stm32h7xx_hal_cortex.o(i.HAL_MPU_Enable)
    HAL_MspInit                              0x0800393d   Thumb Code    22  stm32h7xx_hal_msp.o(i.HAL_MspInit)
    HAL_NVIC_EnableIRQ                       0x08003959   Thumb Code    26  stm32h7xx_hal_cortex.o(i.HAL_NVIC_EnableIRQ)
    HAL_NVIC_SetPriority                     0x08003975   Thumb Code    60  stm32h7xx_hal_cortex.o(i.HAL_NVIC_SetPriority)
    HAL_NVIC_SetPriorityGrouping             0x080039b5   Thumb Code    28  stm32h7xx_hal_cortex.o(i.HAL_NVIC_SetPriorityGrouping)
    HAL_PWREx_ConfigSupply                   0x080039d9   Thumb Code    78  stm32h7xx_hal_pwr_ex.o(i.HAL_PWREx_ConfigSupply)
    HAL_RCCEx_GetD3PCLK1Freq                 0x08003a2d   Thumb Code    26  stm32h7xx_hal_rcc_ex.o(i.HAL_RCCEx_GetD3PCLK1Freq)
    HAL_RCCEx_GetPLL1ClockFreq               0x08003a51   Thumb Code   298  stm32h7xx_hal_rcc_ex.o(i.HAL_RCCEx_GetPLL1ClockFreq)
    HAL_RCCEx_GetPLL2ClockFreq               0x08003b99   Thumb Code   296  stm32h7xx_hal_rcc_ex.o(i.HAL_RCCEx_GetPLL2ClockFreq)
    HAL_RCCEx_GetPLL3ClockFreq               0x08003cdd   Thumb Code   296  stm32h7xx_hal_rcc_ex.o(i.HAL_RCCEx_GetPLL3ClockFreq)
    HAL_RCCEx_GetPeriphCLKFreq               0x08003e21   Thumb Code   692  stm32h7xx_hal_rcc_ex.o(i.HAL_RCCEx_GetPeriphCLKFreq)
    HAL_RCCEx_PeriphCLKConfig                0x080040e9   Thumb Code  2472  stm32h7xx_hal_rcc_ex.o(i.HAL_RCCEx_PeriphCLKConfig)
    HAL_RCC_ClockConfig                      0x08004a95   Thumb Code   580  stm32h7xx_hal_rcc.o(i.HAL_RCC_ClockConfig)
    HAL_RCC_GetHCLKFreq                      0x08004cf1   Thumb Code    52  stm32h7xx_hal_rcc.o(i.HAL_RCC_GetHCLKFreq)
    HAL_RCC_GetPCLK1Freq                     0x08004d35   Thumb Code    26  stm32h7xx_hal_rcc.o(i.HAL_RCC_GetPCLK1Freq)
    HAL_RCC_GetPCLK2Freq                     0x08004d59   Thumb Code    26  stm32h7xx_hal_rcc.o(i.HAL_RCC_GetPCLK2Freq)
    HAL_RCC_GetSysClockFreq                  0x08004d7d   Thumb Code   278  stm32h7xx_hal_rcc.o(i.HAL_RCC_GetSysClockFreq)
    HAL_RCC_OscConfig                        0x08004eb5   Thumb Code  1410  stm32h7xx_hal_rcc.o(i.HAL_RCC_OscConfig)
    HAL_SPI_Init                             0x08005439   Thumb Code   366  stm32h7xx_hal_spi.o(i.HAL_SPI_Init)
    HAL_SPI_MspInit                          0x080055b5   Thumb Code   144  spi.o(i.HAL_SPI_MspInit)
    HAL_SYSTICK_Config                       0x08005651   Thumb Code    38  stm32h7xx_hal_cortex.o(i.HAL_SYSTICK_Config)
    HAL_TIMEx_ConfigBreakDeadTime            0x08005679   Thumb Code   150  stm32h7xx_hal_tim_ex.o(i.HAL_TIMEx_ConfigBreakDeadTime)
    HAL_TIMEx_MasterConfigSynchronization    0x08005719   Thumb Code   134  stm32h7xx_hal_tim_ex.o(i.HAL_TIMEx_MasterConfigSynchronization)
    HAL_TIMEx_PWMN_Start                     0x080057bd   Thumb Code   172  stm32h7xx_hal_tim_ex.o(i.HAL_TIMEx_PWMN_Start)
    HAL_TIMEx_PWMN_Stop                      0x08005889   Thumb Code   104  stm32h7xx_hal_tim_ex.o(i.HAL_TIMEx_PWMN_Stop)
    HAL_TIM_Base_Init                        0x080058f1   Thumb Code    98  stm32h7xx_hal_tim.o(i.HAL_TIM_Base_Init)
    HAL_TIM_Base_MspInit                     0x08005955   Thumb Code    30  tim.o(i.HAL_TIM_Base_MspInit)
    HAL_TIM_Base_Start                       0x0800597d   Thumb Code    96  stm32h7xx_hal_tim.o(i.HAL_TIM_Base_Start)
    HAL_TIM_ConfigClockSource                0x080059fd   Thumb Code   248  stm32h7xx_hal_tim.o(i.HAL_TIM_ConfigClockSource)
    HAL_TIM_MspPostInit                      0x08005af9   Thumb Code    72  tim.o(i.HAL_TIM_MspPostInit)
    HAL_TIM_PWM_ConfigChannel                0x08005b4d   Thumb Code   292  stm32h7xx_hal_tim.o(i.HAL_TIM_PWM_ConfigChannel)
    HAL_TIM_PWM_Init                         0x08005c71   Thumb Code    98  stm32h7xx_hal_tim.o(i.HAL_TIM_PWM_Init)
    HAL_TIM_PWM_MspInit                      0x08005cd3   Thumb Code     2  stm32h7xx_hal_tim.o(i.HAL_TIM_PWM_MspInit)
    HAL_TIM_PWM_Start                        0x08005cd5   Thumb Code   232  stm32h7xx_hal_tim.o(i.HAL_TIM_PWM_Start)
    HAL_TIM_PWM_Stop                         0x08005de5   Thumb Code   154  stm32h7xx_hal_tim.o(i.HAL_TIM_PWM_Stop)
    HAL_UARTEx_DisableFifoMode               0x08005e95   Thumb Code    64  stm32h7xx_hal_uart_ex.o(i.HAL_UARTEx_DisableFifoMode)
    HAL_UARTEx_RxEventCallback               0x08005ed5   Thumb Code     2  stm32h7xx_hal_uart.o(i.HAL_UARTEx_RxEventCallback)
    HAL_UARTEx_RxFifoFullCallback            0x08005ed7   Thumb Code     2  stm32h7xx_hal_uart_ex.o(i.HAL_UARTEx_RxFifoFullCallback)
    HAL_UARTEx_SetRxFifoThreshold            0x08005ed9   Thumb Code    76  stm32h7xx_hal_uart_ex.o(i.HAL_UARTEx_SetRxFifoThreshold)
    HAL_UARTEx_SetTxFifoThreshold            0x08005f25   Thumb Code    76  stm32h7xx_hal_uart_ex.o(i.HAL_UARTEx_SetTxFifoThreshold)
    HAL_UARTEx_TxFifoEmptyCallback           0x08005f71   Thumb Code     2  stm32h7xx_hal_uart_ex.o(i.HAL_UARTEx_TxFifoEmptyCallback)
    HAL_UARTEx_WakeupCallback                0x08005f73   Thumb Code     2  stm32h7xx_hal_uart_ex.o(i.HAL_UARTEx_WakeupCallback)
    HAL_UART_ErrorCallback                   0x08005f75   Thumb Code     2  stm32h7xx_hal_uart.o(i.HAL_UART_ErrorCallback)
    HAL_UART_IRQHandler                      0x08005f79   Thumb Code   878  stm32h7xx_hal_uart.o(i.HAL_UART_IRQHandler)
    HAL_UART_Init                            0x08006301   Thumb Code   106  stm32h7xx_hal_uart.o(i.HAL_UART_Init)
    HAL_UART_MspInit                         0x0800636d   Thumb Code   178  usart.o(i.HAL_UART_MspInit)
    HAL_UART_TxCpltCallback                  0x08006435   Thumb Code    16  main.o(i.HAL_UART_TxCpltCallback)
    HardFault_Handler                        0x08006449   Thumb Code     2  stm32h7xx_it.o(i.HardFault_Handler)
    In_park                                  0x0800644d   Thumb Code    28  foc_model.o(i.In_park)
    MX_ADC1_Init                             0x080064fd   Thumb Code   244  adc.o(i.MX_ADC1_Init)
    MX_DMA_Init                              0x080065fd   Thumb Code    40  dma.o(i.MX_DMA_Init)
    MX_GPIO_Init                             0x08006629   Thumb Code   208  gpio.o(i.MX_GPIO_Init)
    MX_SPI1_Init                             0x08006709   Thumb Code    82  spi.o(i.MX_SPI1_Init)
    MX_TIM1_Init                             0x08006769   Thumb Code   274  tim.o(i.MX_TIM1_Init)
    MX_USART2_UART_Init                      0x08006885   Thumb Code    94  usart.o(i.MX_USART2_UART_Init)
    MemManage_Handler                        0x080068ed   Thumb Code     2  stm32h7xx_it.o(i.MemManage_Handler)
    NMI_Handler                              0x080068ef   Thumb Code     2  stm32h7xx_it.o(i.NMI_Handler)
    Park                                     0x080068f1   Thumb Code    26  foc_model.o(i.Park)
    PendSV_Handler                           0x0800690b   Thumb Code     2  stm32h7xx_it.o(i.PendSV_Handler)
    SMO_LPF                                  0x08006b4d   Thumb Code    26  smo_lpf.o(i.SMO_LPF)
    SPI_NSS_Init                             0x08006b6d   Thumb Code    66  spi.o(i.SPI_NSS_Init)
    SVC_Handler                              0x08006bb9   Thumb Code     2  stm32h7xx_it.o(i.SVC_Handler)
    SVPWM                                    0x08006bbd   Thumb Code   198  svpwm.o(i.SVPWM)
    SysTick_Handler                          0x08006c8d   Thumb Code     4  stm32h7xx_it.o(i.SysTick_Handler)
    SystemClock_Config                       0x08006c91   Thumb Code   164  main.o(i.SystemClock_Config)
    SystemInit                               0x08006d3d   Thumb Code   180  system_stm32h7xx.o(i.SystemInit)
    TIM_Base_SetConfig                       0x08006e19   Thumb Code   176  stm32h7xx_hal_tim.o(i.TIM_Base_SetConfig)
    TIM_CCxChannelCmd                        0x08006ee9   Thumb Code    26  stm32h7xx_hal_tim.o(i.TIM_CCxChannelCmd)
    TIM_ETR_SetConfig                        0x08006f1d   Thumb Code    18  stm32h7xx_hal_tim.o(i.TIM_ETR_SetConfig)
    TIM_OC2_SetConfig                        0x08006fe9   Thumb Code   126  stm32h7xx_hal_tim.o(i.TIM_OC2_SetConfig)
    UART_AdvFeatureConfig                    0x08007305   Thumb Code   200  stm32h7xx_hal_uart.o(i.UART_AdvFeatureConfig)
    UART_CheckIdleState                      0x080073cd   Thumb Code   170  stm32h7xx_hal_uart.o(i.UART_CheckIdleState)
    UART_SetConfig                           0x080074e1   Thumb Code   876  stm32h7xx_hal_uart.o(i.UART_SetConfig)
    UART_WaitOnFlagUntilTimeout              0x0800788d   Thumb Code   148  stm32h7xx_hal_uart.o(i.UART_WaitOnFlagUntilTimeout)
    USART2_IRQHandler                        0x08007921   Thumb Code     6  stm32h7xx_it.o(i.USART2_IRQHandler)
    UsageFault_Handler                       0x0800792d   Thumb Code     2  stm32h7xx_it.o(i.UsageFault_Handler)
    __ARM_fpclassifyf                        0x0800792f   Thumb Code    38  fpclassifyf.o(i.__ARM_fpclassifyf)
    __hardfp_cosf                            0x08007979   Thumb Code   276  cosf.o(i.__hardfp_cosf)
    __hardfp_floorf                          0x08007ac9   Thumb Code   102  floorf.o(i.__hardfp_floorf)
    __hardfp_fmaxf                           0x08007b41   Thumb Code    72  fmaxf.o(i.__hardfp_fmaxf)
    __hardfp_fminf                           0x08007b89   Thumb Code    72  fminf.o(i.__hardfp_fminf)
    __hardfp_fmodf                           0x08007bd1   Thumb Code   176  fmodf.o(i.__hardfp_fmodf)
    __hardfp_sinf                            0x08007c81   Thumb Code   344  sinf.o(i.__hardfp_sinf)
    __mathlib_flt_infnan                     0x08007e15   Thumb Code     6  funder.o(i.__mathlib_flt_infnan)
    __mathlib_flt_invalid                    0x08007e1d   Thumb Code    10  funder.o(i.__mathlib_flt_invalid)
    __mathlib_flt_underflow                  0x08007e2d   Thumb Code    10  funder.o(i.__mathlib_flt_underflow)
    __mathlib_rredf2                         0x08007e3d   Thumb Code   316  rredf.o(i.__mathlib_rredf2)
    arm_add_f32                              0x08007f91   Thumb Code    28  basicmathfunctions.o(i.arm_add_f32)
    arm_offset_f32                           0x08007fad   Thumb Code    24  basicmathfunctions.o(i.arm_offset_f32)
    arm_scale_f32                            0x08007fc5   Thumb Code    24  basicmathfunctions.o(i.arm_scale_f32)
    arm_sub_f32                              0x08007fdd   Thumb Code    28  basicmathfunctions.o(i.arm_sub_f32)
    chipselect                               0x08007ff9   Thumb Code    24  spi.o(i.chipselect)
    idq_Controller                           0x08008015   Thumb Code   360  idq_controller.o(i.idq_Controller)
    main                                     0x08008199   Thumb Code   134  main.o(i.main)
    rtIsInfF                                 0x08008229   Thumb Code    22  rt_nonfinite.o(i.rtIsInfF)
    rtIsNaNF                                 0x0800823f   Thumb Code    16  rt_nonfinite.o(i.rtIsNaNF)
    rt_modf_snf                              0x08008251   Thumb Code   296  flux_ob.o(i.rt_modf_snf)
    spi1readword                             0x08008385   Thumb Code    68  spi.o(i.spi1readword)
    spi1writeword                            0x080083cd   Thumb Code    82  spi.o(i.spi1writeword)
    spisck                                   0x08008425   Thumb Code    24  spi.o(i.spisck)
    __fcmp4                                  0x08008441   Thumb Code    24  fcmp4.o(x$fpl$fcmp4)
    __ARM_fcmp4                              0x08008459   Thumb Code     0  fcmp4.o(x$fpl$fcmp4)
    _fcmp4                                   0x08008459   Thumb Code    58  fcmp4.o(x$fpl$fcmp4)
    __fpl_fcmp_Inf                           0x08008493   Thumb Code    24  fcmpi.o(x$fpl$fcmpinf)
    __fpl_fnaninf                            0x080084ab   Thumb Code   140  fnaninf.o(x$fpl$fnaninf)
    _fp_init                                 0x08008537   Thumb Code    10  fpinit.o(x$fpl$fpinit)
    __fplib_config_fpu_vfp                   0x0800853f   Thumb Code     0  fpinit.o(x$fpl$fpinit)
    __fplib_config_pureend_doubles           0x0800853f   Thumb Code     0  fpinit.o(x$fpl$fpinit)
    _frem                                    0x08008541   Thumb Code   240  frem_clz.o(x$fpl$frem)
    D1CorePrescTable                         0x08008634   Data          16  system_stm32h7xx.o(.constdata)
    __I$use$fp                               0x08008634   Number         0  usenofp.o(x$fpl$usenofp)
    rtM                                      0x08008644   Data           4  foc_model.o(.constdata)
    rtConstP                                 0x08008648   Data          12  foc_model_data.o(.constdata)
    UARTPrescTable                           0x0800865c   Data          24  stm32h7xx_hal_uart.o(.constdata)
    Region$$Table$$Base                      0x080086a4   Number         0  anon$$obj.o(Region$$Table)
    Region$$Table$$Limit                     0x080086c4   Number         0  anon$$obj.o(Region$$Table)
    SystemCoreClock                          0x24000018   Data           4  system_stm32h7xx.o(.data)
    SystemD2Clock                            0x2400001c   Data           4  system_stm32h7xx.o(.data)
    FLU_OBS                                  0x24000020   Data           4  foc_model.o(.data)
    JIE_MEI_KANG_PARAMETE                    0x24000024   Data           4  foc_model.o(.data)
    spd_kpki                                 0x24000028   Data           8  foc_model.o(.data)
    JIE_MEI_KANG_PARAMETER                   0x24000030   Data          12  foc_model.o(.data)
    Tp_loop                                  0x2400003c   Data           4  foc_model.o(.data)
    curr_kpki                                0x24000040   Data           8  foc_model.o(.data)
    rtNaNF                                   0x24000048   Data           4  rt_nonfinite.o(.data)
    uwTickFreq                               0x2400004c   Data           1  stm32h7xx_hal.o(.data)
    uwTickPrio                               0x24000050   Data           4  stm32h7xx_hal.o(.data)
    uwTick                                   0x24000054   Data           4  stm32h7xx_hal.o(.data)
    hadc1                                    0x24000058   Data         100  adc.o(.bss)
    htim1                                    0x240000bc   Data          76  tim.o(.bss)
    huart2                                   0x24000108   Data         148  usart.o(.bss)
    hdma_usart2_tx                           0x2400019c   Data         120  usart.o(.bss)
    load_data                                0x24000214   Data          20  bsp_drv8303.o(.bss)
    hspi1                                    0x24000228   Data         136  spi.o(.bss)
    MID_parameter                            0x240002b0   Data          28  foc_model.o(.bss)
    rtDW                                     0x240002cc   Data         104  foc_model.o(.bss)
    rtU                                      0x24000338   Data          40  foc_model.o(.bss)
    rtY                                      0x24000360   Data          12  foc_model.o(.bss)
    __libspace_start                         0x24000378   Data          96  libspace.o(.bss)
    __temporary_stack_top$libspace           0x240003d8   Data           0  libspace.o(.bss)



==============================================================================

Memory Map of the image

  Image Entry point : 0x08000299

  Load Region LR_IROM1 (Base: 0x08000000, Size: 0x0000871c, Max: 0x00200000, ABSOLUTE)

    Execution Region ER_IROM1 (Exec base: 0x08000000, Load base: 0x08000000, Size: 0x000086c4, Max: 0x00200000, ABSOLUTE)

    Exec Addr    Load Addr    Size         Type   Attr      Idx    E Section Name        Object

    0x08000000   0x08000000   0x00000298   Data   RO            3    RESET               startup_stm32h743xx.o
    0x08000298   0x08000298   0x00000008   Code   RO        11601  * !!!main             c_w.l(__main.o)
    0x080002a0   0x080002a0   0x00000034   Code   RO        11992    !!!scatter          c_w.l(__scatter.o)
    0x080002d4   0x080002d4   0x0000001a   Code   RO        11994    !!handler_copy      c_w.l(__scatter_copy.o)
    0x080002ee   0x080002ee   0x00000002   PAD
    0x080002f0   0x080002f0   0x0000001c   Code   RO        11996    !!handler_zi        c_w.l(__scatter_zi.o)
    0x0800030c   0x0800030c   0x00000002   Code   RO        11865    .ARM.Collect$$libinit$$00000000  c_w.l(libinit.o)
    0x0800030e   0x0800030e   0x00000004   Code   RO        11874    .ARM.Collect$$libinit$$00000001  c_w.l(libinit2.o)
    0x08000312   0x08000312   0x00000000   Code   RO        11877    .ARM.Collect$$libinit$$00000004  c_w.l(libinit2.o)
    0x08000312   0x08000312   0x00000000   Code   RO        11880    .ARM.Collect$$libinit$$0000000A  c_w.l(libinit2.o)
    0x08000312   0x08000312   0x00000000   Code   RO        11882    .ARM.Collect$$libinit$$0000000C  c_w.l(libinit2.o)
    0x08000312   0x08000312   0x00000000   Code   RO        11884    .ARM.Collect$$libinit$$0000000E  c_w.l(libinit2.o)
    0x08000312   0x08000312   0x00000000   Code   RO        11887    .ARM.Collect$$libinit$$00000011  c_w.l(libinit2.o)
    0x08000312   0x08000312   0x00000000   Code   RO        11889    .ARM.Collect$$libinit$$00000013  c_w.l(libinit2.o)
    0x08000312   0x08000312   0x00000000   Code   RO        11891    .ARM.Collect$$libinit$$00000015  c_w.l(libinit2.o)
    0x08000312   0x08000312   0x00000000   Code   RO        11893    .ARM.Collect$$libinit$$00000017  c_w.l(libinit2.o)
    0x08000312   0x08000312   0x00000000   Code   RO        11895    .ARM.Collect$$libinit$$00000019  c_w.l(libinit2.o)
    0x08000312   0x08000312   0x00000000   Code   RO        11897    .ARM.Collect$$libinit$$0000001B  c_w.l(libinit2.o)
    0x08000312   0x08000312   0x00000000   Code   RO        11899    .ARM.Collect$$libinit$$0000001D  c_w.l(libinit2.o)
    0x08000312   0x08000312   0x00000000   Code   RO        11901    .ARM.Collect$$libinit$$0000001F  c_w.l(libinit2.o)
    0x08000312   0x08000312   0x00000000   Code   RO        11903    .ARM.Collect$$libinit$$00000021  c_w.l(libinit2.o)
    0x08000312   0x08000312   0x00000000   Code   RO        11905    .ARM.Collect$$libinit$$00000023  c_w.l(libinit2.o)
    0x08000312   0x08000312   0x00000000   Code   RO        11907    .ARM.Collect$$libinit$$00000025  c_w.l(libinit2.o)
    0x08000312   0x08000312   0x00000000   Code   RO        11911    .ARM.Collect$$libinit$$0000002C  c_w.l(libinit2.o)
    0x08000312   0x08000312   0x00000000   Code   RO        11913    .ARM.Collect$$libinit$$0000002E  c_w.l(libinit2.o)
    0x08000312   0x08000312   0x00000000   Code   RO        11915    .ARM.Collect$$libinit$$00000030  c_w.l(libinit2.o)
    0x08000312   0x08000312   0x00000000   Code   RO        11917    .ARM.Collect$$libinit$$00000032  c_w.l(libinit2.o)
    0x08000312   0x08000312   0x00000002   Code   RO        11918    .ARM.Collect$$libinit$$00000033  c_w.l(libinit2.o)
    0x08000314   0x08000314   0x00000002   Code   RO        11949    .ARM.Collect$$libshutdown$$00000000  c_w.l(libshutdown.o)
    0x08000316   0x08000316   0x00000000   Code   RO        11975    .ARM.Collect$$libshutdown$$00000002  c_w.l(libshutdown2.o)
    0x08000316   0x08000316   0x00000000   Code   RO        11977    .ARM.Collect$$libshutdown$$00000004  c_w.l(libshutdown2.o)
    0x08000316   0x08000316   0x00000000   Code   RO        11980    .ARM.Collect$$libshutdown$$00000007  c_w.l(libshutdown2.o)
    0x08000316   0x08000316   0x00000000   Code   RO        11983    .ARM.Collect$$libshutdown$$0000000A  c_w.l(libshutdown2.o)
    0x08000316   0x08000316   0x00000000   Code   RO        11985    .ARM.Collect$$libshutdown$$0000000C  c_w.l(libshutdown2.o)
    0x08000316   0x08000316   0x00000000   Code   RO        11988    .ARM.Collect$$libshutdown$$0000000F  c_w.l(libshutdown2.o)
    0x08000316   0x08000316   0x00000002   Code   RO        11989    .ARM.Collect$$libshutdown$$00000010  c_w.l(libshutdown2.o)
    0x08000318   0x08000318   0x00000000   Code   RO        11767    .ARM.Collect$$rtentry$$00000000  c_w.l(__rtentry.o)
    0x08000318   0x08000318   0x00000000   Code   RO        11826    .ARM.Collect$$rtentry$$00000002  c_w.l(__rtentry2.o)
    0x08000318   0x08000318   0x00000006   Code   RO        11838    .ARM.Collect$$rtentry$$00000004  c_w.l(__rtentry4.o)
    0x0800031e   0x0800031e   0x00000000   Code   RO        11828    .ARM.Collect$$rtentry$$00000009  c_w.l(__rtentry2.o)
    0x0800031e   0x0800031e   0x00000004   Code   RO        11829    .ARM.Collect$$rtentry$$0000000A  c_w.l(__rtentry2.o)
    0x08000322   0x08000322   0x00000000   Code   RO        11831    .ARM.Collect$$rtentry$$0000000C  c_w.l(__rtentry2.o)
    0x08000322   0x08000322   0x00000008   Code   RO        11832    .ARM.Collect$$rtentry$$0000000D  c_w.l(__rtentry2.o)
    0x0800032a   0x0800032a   0x00000002   Code   RO        11866    .ARM.Collect$$rtexit$$00000000  c_w.l(rtexit.o)
    0x0800032c   0x0800032c   0x00000000   Code   RO        11922    .ARM.Collect$$rtexit$$00000002  c_w.l(rtexit2.o)
    0x0800032c   0x0800032c   0x00000004   Code   RO        11923    .ARM.Collect$$rtexit$$00000003  c_w.l(rtexit2.o)
    0x08000330   0x08000330   0x00000006   Code   RO        11924    .ARM.Collect$$rtexit$$00000004  c_w.l(rtexit2.o)
    0x08000336   0x08000336   0x00000002   PAD
    0x08000338   0x08000338   0x00000040   Code   RO            4    .text               startup_stm32h743xx.o
    0x08000378   0x08000378   0x000000ee   Code   RO        11585    .text               c_w.l(lludivv7m.o)
    0x08000466   0x08000466   0x0000004e   Code   RO        11597    .text               c_w.l(rt_memclr_w.o)
    0x080004b4   0x080004b4   0x00000006   Code   RO        11599    .text               c_w.l(heapauxi.o)
    0x080004ba   0x080004ba   0x00000016   Code   RO        11772    .text               c_w.l(_rserrno.o)
    0x080004d0   0x080004d0   0x00000008   Code   RO        11845    .text               c_w.l(rt_errno_addr_intlibspace.o)
    0x080004d8   0x080004d8   0x00000008   Code   RO        11849    .text               c_w.l(libspace.o)
    0x080004e0   0x080004e0   0x0000004a   Code   RO        11852    .text               c_w.l(sys_stackheap_outer.o)
    0x0800052a   0x0800052a   0x00000012   Code   RO        11854    .text               c_w.l(exit.o)
    0x0800053c   0x0800053c   0x0000000c   Code   RO        11919    .text               c_w.l(sys_exit.o)
    0x08000548   0x08000548   0x00000002   Code   RO        11938    .text               c_w.l(use_no_semi.o)
    0x0800054a   0x0800054a   0x00000000   Code   RO        11940    .text               c_w.l(indicate_semi.o)
    0x0800054a   0x0800054a   0x00000002   PAD
    0x0800054c   0x0800054c   0x00000108   Code   RO         1122    i.ADC_ConfigureBoostMode  stm32h7xx_hal_adc.o
    0x08000654   0x08000654   0x000000a8   Code   RO         1128    i.ADC_Enable        stm32h7xx_hal_adc.o
    0x080006fc   0x080006fc   0x0000000c   Code   RO          462    i.ADC_IRQHandler    stm32h7xx_it.o
    0x08000708   0x08000708   0x00000002   Code   RO          463    i.BusFault_Handler  stm32h7xx_it.o
    0x0800070a   0x0800070a   0x00000002   PAD
    0x0800070c   0x0800070c   0x0000003c   Code   RO          889    i.Clark             foc_model.o
    0x08000748   0x08000748   0x0000032c   Code   RO          890    i.Curr_loop         foc_model.o
    0x08000a74   0x08000a74   0x00000018   Code   RO          891    i.Curr_loop_Init    foc_model.o
    0x08000a8c   0x08000a8c   0x0000000c   Code   RO          464    i.DMA1_Stream0_IRQHandler  stm32h7xx_it.o
    0x08000a98   0x08000a98   0x000000b4   Code   RO         2215    i.DMA_CalcBaseAndBitshift  stm32h7xx_hal_dma.o
    0x08000b4c   0x08000b4c   0x0000009c   Code   RO         2216    i.DMA_CalcDMAMUXChannelBaseAndMask  stm32h7xx_hal_dma.o
    0x08000be8   0x08000be8   0x00000074   Code   RO         2217    i.DMA_CalcDMAMUXRequestGenBaseAndMask  stm32h7xx_hal_dma.o
    0x08000c5c   0x08000c5c   0x00000054   Code   RO         2218    i.DMA_CheckFifoParam  stm32h7xx_hal_dma.o
    0x08000cb0   0x08000cb0   0x000000cc   Code   RO          586    i.DRV8303_Init      bsp_drv8303.o
    0x08000d7c   0x08000d7c   0x00000002   Code   RO          465    i.DebugMon_Handler  stm32h7xx_it.o
    0x08000d7e   0x08000d7e   0x00000008   Code   RO          466    i.EXTI15_10_IRQHandler  stm32h7xx_it.o
    0x08000d86   0x08000d86   0x00000004   Code   RO           13    i.Error_Handler     main.o
    0x08000d8a   0x08000d8a   0x00000002   PAD
    0x08000d8c   0x08000d8c   0x00000224   Code   RO          754    i.FLUX_OB           flux_ob.o
    0x08000fb0   0x08000fb0   0x00000024   Code   RO          892    i.FOC_Model_initialize  foc_model.o
    0x08000fd4   0x08000fd4   0x000001e8   Code   RO          893    i.FOC_Model_step    foc_model.o
    0x080011bc   0x080011bc   0x00000030   Code   RO         1345    i.HAL_ADCEx_DisableInjectedQueue  stm32h7xx_hal_adc_ex.o
    0x080011ec   0x080011ec   0x00000002   Code   RO         1348    i.HAL_ADCEx_EndOfSamplingCallback  stm32h7xx_hal_adc_ex.o
    0x080011ee   0x080011ee   0x00000002   PAD
    0x080011f0   0x080011f0   0x00000594   Code   RO         1350    i.HAL_ADCEx_InjectedConfigChannel  stm32h7xx_hal_adc_ex.o
    0x08001784   0x08001784   0x000000e0   Code   RO           14    i.HAL_ADCEx_InjectedConvCpltCallback  main.o
    0x08001864   0x08001864   0x00000002   Code   RO         1354    i.HAL_ADCEx_InjectedQueueOverflowCallback  stm32h7xx_hal_adc_ex.o
    0x08001866   0x08001866   0x00000002   PAD
    0x08001868   0x08001868   0x00000138   Code   RO         1356    i.HAL_ADCEx_InjectedStart_IT  stm32h7xx_hal_adc_ex.o
    0x080019a0   0x080019a0   0x00000002   Code   RO         1359    i.HAL_ADCEx_LevelOutOfWindow2Callback  stm32h7xx_hal_adc_ex.o
    0x080019a2   0x080019a2   0x00000002   Code   RO         1360    i.HAL_ADCEx_LevelOutOfWindow3Callback  stm32h7xx_hal_adc_ex.o
    0x080019a4   0x080019a4   0x00000128   Code   RO         1364    i.HAL_ADCEx_MultiModeConfigChannel  stm32h7xx_hal_adc_ex.o
    0x08001acc   0x08001acc   0x000003d8   Code   RO         1130    i.HAL_ADC_ConfigChannel  stm32h7xx_hal_adc.o
    0x08001ea4   0x08001ea4   0x00000002   Code   RO         1131    i.HAL_ADC_ConvCpltCallback  stm32h7xx_hal_adc.o
    0x08001ea6   0x08001ea6   0x00000002   Code   RO         1134    i.HAL_ADC_ErrorCallback  stm32h7xx_hal_adc.o
    0x08001ea8   0x08001ea8   0x00000290   Code   RO         1138    i.HAL_ADC_IRQHandler  stm32h7xx_hal_adc.o
    0x08002138   0x08002138   0x00000228   Code   RO         1139    i.HAL_ADC_Init      stm32h7xx_hal_adc.o
    0x08002360   0x08002360   0x00000002   Code   RO         1140    i.HAL_ADC_LevelOutOfWindowCallback  stm32h7xx_hal_adc.o
    0x08002362   0x08002362   0x00000002   PAD
    0x08002364   0x08002364   0x000000a8   Code   RO          289    i.HAL_ADC_MspInit   adc.o
    0x0800240c   0x0800240c   0x00000360   Code   RO         2220    i.HAL_DMA_Abort     stm32h7xx_hal_dma.o
    0x0800276c   0x0800276c   0x00000284   Code   RO         2221    i.HAL_DMA_Abort_IT  stm32h7xx_hal_dma.o
    0x080029f0   0x080029f0   0x000006e8   Code   RO         2225    i.HAL_DMA_IRQHandler  stm32h7xx_hal_dma.o
    0x080030d8   0x080030d8   0x000003c4   Code   RO         2226    i.HAL_DMA_Init      stm32h7xx_hal_dma.o
    0x0800349c   0x0800349c   0x00000024   Code   RO         3082    i.HAL_Delay         stm32h7xx_hal.o
    0x080034c0   0x080034c0   0x000000b4   Code   RO           15    i.HAL_GPIO_EXTI_Callback  main.o
    0x08003574   0x08003574   0x00000018   Code   RO         2067    i.HAL_GPIO_EXTI_IRQHandler  stm32h7xx_hal_gpio.o
    0x0800358c   0x0800358c   0x0000022c   Code   RO         2068    i.HAL_GPIO_Init     stm32h7xx_hal_gpio.o
    0x080037b8   0x080037b8   0x0000000a   Code   RO         2070    i.HAL_GPIO_ReadPin  stm32h7xx_hal_gpio.o
    0x080037c2   0x080037c2   0x00000010   Code   RO         2071    i.HAL_GPIO_TogglePin  stm32h7xx_hal_gpio.o
    0x080037d2   0x080037d2   0x0000000a   Code   RO         2072    i.HAL_GPIO_WritePin  stm32h7xx_hal_gpio.o
    0x080037dc   0x080037dc   0x0000000c   Code   RO         3093    i.HAL_GetREVID      stm32h7xx_hal.o
    0x080037e8   0x080037e8   0x0000000c   Code   RO         3094    i.HAL_GetTick       stm32h7xx_hal.o
    0x080037f4   0x080037f4   0x00000010   Code   RO         3100    i.HAL_IncTick       stm32h7xx_hal.o
    0x08003804   0x08003804   0x0000005c   Code   RO         3101    i.HAL_Init          stm32h7xx_hal.o
    0x08003860   0x08003860   0x00000040   Code   RO         3102    i.HAL_InitTick      stm32h7xx_hal.o
    0x080038a0   0x080038a0   0x0000005c   Code   RO         2923    i.HAL_MPU_ConfigRegion  stm32h7xx_hal_cortex.o
    0x080038fc   0x080038fc   0x0000001c   Code   RO         2924    i.HAL_MPU_Disable   stm32h7xx_hal_cortex.o
    0x08003918   0x08003918   0x00000024   Code   RO         2926    i.HAL_MPU_Enable    stm32h7xx_hal_cortex.o
    0x0800393c   0x0800393c   0x0000001c   Code   RO          562    i.HAL_MspInit       stm32h7xx_hal_msp.o
    0x08003958   0x08003958   0x0000001a   Code   RO         2930    i.HAL_NVIC_EnableIRQ  stm32h7xx_hal_cortex.o
    0x08003972   0x08003972   0x00000002   PAD
    0x08003974   0x08003974   0x00000040   Code   RO         2936    i.HAL_NVIC_SetPriority  stm32h7xx_hal_cortex.o
    0x080039b4   0x080039b4   0x00000024   Code   RO         2937    i.HAL_NVIC_SetPriorityGrouping  stm32h7xx_hal_cortex.o
    0x080039d8   0x080039d8   0x00000054   Code   RO         2669    i.HAL_PWREx_ConfigSupply  stm32h7xx_hal_pwr_ex.o
    0x08003a2c   0x08003a2c   0x00000024   Code   RO         1689    i.HAL_RCCEx_GetD3PCLK1Freq  stm32h7xx_hal_rcc_ex.o
    0x08003a50   0x08003a50   0x00000148   Code   RO         1690    i.HAL_RCCEx_GetPLL1ClockFreq  stm32h7xx_hal_rcc_ex.o
    0x08003b98   0x08003b98   0x00000144   Code   RO         1691    i.HAL_RCCEx_GetPLL2ClockFreq  stm32h7xx_hal_rcc_ex.o
    0x08003cdc   0x08003cdc   0x00000144   Code   RO         1692    i.HAL_RCCEx_GetPLL3ClockFreq  stm32h7xx_hal_rcc_ex.o
    0x08003e20   0x08003e20   0x000002c8   Code   RO         1694    i.HAL_RCCEx_GetPeriphCLKFreq  stm32h7xx_hal_rcc_ex.o
    0x080040e8   0x080040e8   0x000009ac   Code   RO         1698    i.HAL_RCCEx_PeriphCLKConfig  stm32h7xx_hal_rcc_ex.o
    0x08004a94   0x08004a94   0x0000025c   Code   RO         1574    i.HAL_RCC_ClockConfig  stm32h7xx_hal_rcc.o
    0x08004cf0   0x08004cf0   0x00000044   Code   RO         1579    i.HAL_RCC_GetHCLKFreq  stm32h7xx_hal_rcc.o
    0x08004d34   0x08004d34   0x00000024   Code   RO         1581    i.HAL_RCC_GetPCLK1Freq  stm32h7xx_hal_rcc.o
    0x08004d58   0x08004d58   0x00000024   Code   RO         1582    i.HAL_RCC_GetPCLK2Freq  stm32h7xx_hal_rcc.o
    0x08004d7c   0x08004d7c   0x00000138   Code   RO         1583    i.HAL_RCC_GetSysClockFreq  stm32h7xx_hal_rcc.o
    0x08004eb4   0x08004eb4   0x00000582   Code   RO         1586    i.HAL_RCC_OscConfig  stm32h7xx_hal_rcc.o
    0x08005436   0x08005436   0x00000002   PAD
    0x08005438   0x08005438   0x0000017c   Code   RO         5577    i.HAL_SPI_Init      stm32h7xx_hal_spi.o
    0x080055b4   0x080055b4   0x0000009c   Code   RO          622    i.HAL_SPI_MspInit   spi.o
    0x08005650   0x08005650   0x00000026   Code   RO         2941    i.HAL_SYSTICK_Config  stm32h7xx_hal_cortex.o
    0x08005676   0x08005676   0x00000002   PAD
    0x08005678   0x08005678   0x000000a0   Code   RO         4705    i.HAL_TIMEx_ConfigBreakDeadTime  stm32h7xx_hal_tim_ex.o
    0x08005718   0x08005718   0x000000a4   Code   RO         4723    i.HAL_TIMEx_MasterConfigSynchronization  stm32h7xx_hal_tim_ex.o
    0x080057bc   0x080057bc   0x000000cc   Code   RO         4734    i.HAL_TIMEx_PWMN_Start  stm32h7xx_hal_tim_ex.o
    0x08005888   0x08005888   0x00000068   Code   RO         4737    i.HAL_TIMEx_PWMN_Stop  stm32h7xx_hal_tim_ex.o
    0x080058f0   0x080058f0   0x00000062   Code   RO         3987    i.HAL_TIM_Base_Init  stm32h7xx_hal_tim.o
    0x08005952   0x08005952   0x00000002   PAD
    0x08005954   0x08005954   0x00000028   Code   RO          373    i.HAL_TIM_Base_MspInit  tim.o
    0x0800597c   0x0800597c   0x00000080   Code   RO         3990    i.HAL_TIM_Base_Start  stm32h7xx_hal_tim.o
    0x080059fc   0x080059fc   0x000000fc   Code   RO         3996    i.HAL_TIM_ConfigClockSource  stm32h7xx_hal_tim.o
    0x08005af8   0x08005af8   0x00000054   Code   RO          374    i.HAL_TIM_MspPostInit  tim.o
    0x08005b4c   0x08005b4c   0x00000124   Code   RO         4059    i.HAL_TIM_PWM_ConfigChannel  stm32h7xx_hal_tim.o
    0x08005c70   0x08005c70   0x00000062   Code   RO         4062    i.HAL_TIM_PWM_Init  stm32h7xx_hal_tim.o
    0x08005cd2   0x08005cd2   0x00000002   Code   RO         4064    i.HAL_TIM_PWM_MspInit  stm32h7xx_hal_tim.o
    0x08005cd4   0x08005cd4   0x00000110   Code   RO         4067    i.HAL_TIM_PWM_Start  stm32h7xx_hal_tim.o
    0x08005de4   0x08005de4   0x000000b0   Code   RO         4070    i.HAL_TIM_PWM_Stop  stm32h7xx_hal_tim.o
    0x08005e94   0x08005e94   0x00000040   Code   RO         5412    i.HAL_UARTEx_DisableFifoMode  stm32h7xx_hal_uart_ex.o
    0x08005ed4   0x08005ed4   0x00000002   Code   RO         5001    i.HAL_UARTEx_RxEventCallback  stm32h7xx_hal_uart.o
    0x08005ed6   0x08005ed6   0x00000002   Code   RO         5420    i.HAL_UARTEx_RxFifoFullCallback  stm32h7xx_hal_uart_ex.o
    0x08005ed8   0x08005ed8   0x0000004c   Code   RO         5421    i.HAL_UARTEx_SetRxFifoThreshold  stm32h7xx_hal_uart_ex.o
    0x08005f24   0x08005f24   0x0000004c   Code   RO         5422    i.HAL_UARTEx_SetTxFifoThreshold  stm32h7xx_hal_uart_ex.o
    0x08005f70   0x08005f70   0x00000002   Code   RO         5424    i.HAL_UARTEx_TxFifoEmptyCallback  stm32h7xx_hal_uart_ex.o
    0x08005f72   0x08005f72   0x00000002   Code   RO         5425    i.HAL_UARTEx_WakeupCallback  stm32h7xx_hal_uart_ex.o
    0x08005f74   0x08005f74   0x00000002   Code   RO         5017    i.HAL_UART_ErrorCallback  stm32h7xx_hal_uart.o
    0x08005f76   0x08005f76   0x00000002   PAD
    0x08005f78   0x08005f78   0x00000388   Code   RO         5020    i.HAL_UART_IRQHandler  stm32h7xx_hal_uart.o
    0x08006300   0x08006300   0x0000006a   Code   RO         5021    i.HAL_UART_Init     stm32h7xx_hal_uart.o
    0x0800636a   0x0800636a   0x00000002   PAD
    0x0800636c   0x0800636c   0x000000c8   Code   RO          421    i.HAL_UART_MspInit  usart.o
    0x08006434   0x08006434   0x00000014   Code   RO           16    i.HAL_UART_TxCpltCallback  main.o
    0x08006448   0x08006448   0x00000002   Code   RO          467    i.HardFault_Handler  stm32h7xx_it.o
    0x0800644a   0x0800644a   0x00000002   PAD
    0x0800644c   0x0800644c   0x00000020   Code   RO          894    i.In_park           foc_model.o
    0x0800646c   0x0800646c   0x0000000c   Code   RO         1372    i.LL_ADC_GetOffsetChannel  stm32h7xx_hal_adc_ex.o
    0x08006478   0x08006478   0x00000008   Code   RO         1151    i.LL_ADC_INJ_IsConversionOngoing  stm32h7xx_hal_adc.o
    0x08006480   0x08006480   0x00000008   Code   RO         1373    i.LL_ADC_INJ_IsConversionOngoing  stm32h7xx_hal_adc_ex.o
    0x08006488   0x08006488   0x00000008   Code   RO         1152    i.LL_ADC_REG_IsConversionOngoing  stm32h7xx_hal_adc.o
    0x08006490   0x08006490   0x00000008   Code   RO         1374    i.LL_ADC_REG_IsConversionOngoing  stm32h7xx_hal_adc_ex.o
    0x08006498   0x08006498   0x00000010   Code   RO         1153    i.LL_ADC_REG_IsTriggerSourceSWStart  stm32h7xx_hal_adc.o
    0x080064a8   0x080064a8   0x0000001e   Code   RO         1155    i.LL_ADC_SetChannelSamplingTime  stm32h7xx_hal_adc.o
    0x080064c6   0x080064c6   0x0000001e   Code   RO         1376    i.LL_ADC_SetChannelSamplingTime  stm32h7xx_hal_adc_ex.o
    0x080064e4   0x080064e4   0x00000016   Code   RO         1377    i.LL_ADC_SetOffset  stm32h7xx_hal_adc_ex.o
    0x080064fa   0x080064fa   0x00000002   PAD
    0x080064fc   0x080064fc   0x00000100   Code   RO          290    i.MX_ADC1_Init      adc.o
    0x080065fc   0x080065fc   0x0000002c   Code   RO          330    i.MX_DMA_Init       dma.o
    0x08006628   0x08006628   0x000000e0   Code   RO          264    i.MX_GPIO_Init      gpio.o
    0x08006708   0x08006708   0x00000060   Code   RO          623    i.MX_SPI1_Init      spi.o
    0x08006768   0x08006768   0x0000011c   Code   RO          375    i.MX_TIM1_Init      tim.o
    0x08006884   0x08006884   0x00000068   Code   RO          422    i.MX_USART2_UART_Init  usart.o
    0x080068ec   0x080068ec   0x00000002   Code   RO          468    i.MemManage_Handler  stm32h7xx_it.o
    0x080068ee   0x080068ee   0x00000002   Code   RO          469    i.NMI_Handler       stm32h7xx_it.o
    0x080068f0   0x080068f0   0x0000001a   Code   RO          895    i.Park              foc_model.o
    0x0800690a   0x0800690a   0x00000002   Code   RO          470    i.PendSV_Handler    stm32h7xx_it.o
    0x0800690c   0x0800690c   0x00000120   Code   RO         1701    i.RCCEx_PLL2_Config  stm32h7xx_hal_rcc_ex.o
    0x08006a2c   0x08006a2c   0x00000120   Code   RO         1702    i.RCCEx_PLL3_Config  stm32h7xx_hal_rcc_ex.o
    0x08006b4c   0x08006b4c   0x00000020   Code   RO         1063    i.SMO_LPF           smo_lpf.o
    0x08006b6c   0x08006b6c   0x0000004c   Code   RO          625    i.SPI_NSS_Init      spi.o
    0x08006bb8   0x08006bb8   0x00000002   Code   RO          471    i.SVC_Handler       stm32h7xx_it.o
    0x08006bba   0x08006bba   0x00000002   PAD
    0x08006bbc   0x08006bbc   0x000000d0   Code   RO         1088    i.SVPWM             svpwm.o
    0x08006c8c   0x08006c8c   0x00000004   Code   RO          472    i.SysTick_Handler   stm32h7xx_it.o
    0x08006c90   0x08006c90   0x000000ac   Code   RO           17    i.SystemClock_Config  main.o
    0x08006d3c   0x08006d3c   0x000000dc   Code   RO          718    i.SystemInit        system_stm32h7xx.o
    0x08006e18   0x08006e18   0x000000d0   Code   RO         4080    i.TIM_Base_SetConfig  stm32h7xx_hal_tim.o
    0x08006ee8   0x08006ee8   0x0000001a   Code   RO         4081    i.TIM_CCxChannelCmd  stm32h7xx_hal_tim.o
    0x08006f02   0x08006f02   0x0000001a   Code   RO         4744    i.TIM_CCxNChannelCmd  stm32h7xx_hal_tim_ex.o
    0x08006f1c   0x08006f1c   0x00000012   Code   RO         4091    i.TIM_ETR_SetConfig  stm32h7xx_hal_tim.o
    0x08006f2e   0x08006f2e   0x00000002   PAD
    0x08006f30   0x08006f30   0x00000014   Code   RO         4092    i.TIM_ITRx_SetConfig  stm32h7xx_hal_tim.o
    0x08006f44   0x08006f44   0x000000a4   Code   RO         4093    i.TIM_OC1_SetConfig  stm32h7xx_hal_tim.o
    0x08006fe8   0x08006fe8   0x00000098   Code   RO         4094    i.TIM_OC2_SetConfig  stm32h7xx_hal_tim.o
    0x08007080   0x08007080   0x00000098   Code   RO         4095    i.TIM_OC3_SetConfig  stm32h7xx_hal_tim.o
    0x08007118   0x08007118   0x00000078   Code   RO         4096    i.TIM_OC4_SetConfig  stm32h7xx_hal_tim.o
    0x08007190   0x08007190   0x00000074   Code   RO         4097    i.TIM_OC5_SetConfig  stm32h7xx_hal_tim.o
    0x08007204   0x08007204   0x00000074   Code   RO         4098    i.TIM_OC6_SetConfig  stm32h7xx_hal_tim.o
    0x08007278   0x08007278   0x00000022   Code   RO         4100    i.TIM_TI1_ConfigInputStage  stm32h7xx_hal_tim.o
    0x0800729a   0x0800729a   0x00000024   Code   RO         4102    i.TIM_TI2_ConfigInputStage  stm32h7xx_hal_tim.o
    0x080072be   0x080072be   0x00000002   PAD
    0x080072c0   0x080072c0   0x00000044   Code   RO         5426    i.UARTEx_SetNbDataToProcess  stm32h7xx_hal_uart_ex.o
    0x08007304   0x08007304   0x000000c8   Code   RO         5035    i.UART_AdvFeatureConfig  stm32h7xx_hal_uart.o
    0x080073cc   0x080073cc   0x000000aa   Code   RO         5036    i.UART_CheckIdleState  stm32h7xx_hal_uart.o
    0x08007476   0x08007476   0x00000014   Code   RO         5037    i.UART_DMAAbortOnError  stm32h7xx_hal_uart.o
    0x0800748a   0x0800748a   0x00000002   PAD
    0x0800748c   0x0800748c   0x00000054   Code   RO         5047    i.UART_EndRxTransfer  stm32h7xx_hal_uart.o
    0x080074e0   0x080074e0   0x000003ac   Code   RO         5053    i.UART_SetConfig    stm32h7xx_hal_uart.o
    0x0800788c   0x0800788c   0x00000094   Code   RO         5060    i.UART_WaitOnFlagUntilTimeout  stm32h7xx_hal_uart.o
    0x08007920   0x08007920   0x0000000c   Code   RO          473    i.USART2_IRQHandler  stm32h7xx_it.o
    0x0800792c   0x0800792c   0x00000002   Code   RO          474    i.UsageFault_Handler  stm32h7xx_it.o
    0x0800792e   0x0800792e   0x00000026   Code   RO        11803    i.__ARM_fpclassifyf  m_wv.l(fpclassifyf.o)
    0x08007954   0x08007954   0x00000022   Code   RO         2943    i.__NVIC_SetPriority  stm32h7xx_hal_cortex.o
    0x08007976   0x08007976   0x00000002   PAD
    0x08007978   0x08007978   0x00000150   Code   RO        11611    i.__hardfp_cosf     m_wv.l(cosf.o)
    0x08007ac8   0x08007ac8   0x00000078   Code   RO        11651    i.__hardfp_floorf   m_wv.l(floorf.o)
    0x08007b40   0x08007b40   0x00000048   Code   RO        11759    i.__hardfp_fmaxf    m_wv.l(fmaxf.o)
    0x08007b88   0x08007b88   0x00000048   Code   RO        11763    i.__hardfp_fminf    m_wv.l(fminf.o)
    0x08007bd0   0x08007bd0   0x000000b0   Code   RO        11657    i.__hardfp_fmodf    m_wv.l(fmodf.o)
    0x08007c80   0x08007c80   0x00000194   Code   RO        11711    i.__hardfp_sinf     m_wv.l(sinf.o)
    0x08007e14   0x08007e14   0x00000006   Code   RO        11806    i.__mathlib_flt_infnan  m_wv.l(funder.o)
    0x08007e1a   0x08007e1a   0x00000002   PAD
    0x08007e1c   0x08007e1c   0x00000010   Code   RO        11808    i.__mathlib_flt_invalid  m_wv.l(funder.o)
    0x08007e2c   0x08007e2c   0x00000010   Code   RO        11811    i.__mathlib_flt_underflow  m_wv.l(funder.o)
    0x08007e3c   0x08007e3c   0x00000154   Code   RO        11822    i.__mathlib_rredf2  m_wv.l(rredf.o)
    0x08007f90   0x08007f90   0x0000001c   Code   RO         5864    i.arm_add_f32       basicmathfunctions.o
    0x08007fac   0x08007fac   0x00000018   Code   RO         5894    i.arm_offset_f32    basicmathfunctions.o
    0x08007fc4   0x08007fc4   0x00000018   Code   RO         5902    i.arm_scale_f32     basicmathfunctions.o
    0x08007fdc   0x08007fdc   0x0000001c   Code   RO         5910    i.arm_sub_f32       basicmathfunctions.o
    0x08007ff8   0x08007ff8   0x0000001c   Code   RO          627    i.chipselect        spi.o
    0x08008014   0x08008014   0x00000184   Code   RO          978    i.idq_Controller    idq_controller.o
    0x08008198   0x08008198   0x00000090   Code   RO           18    i.main              main.o
    0x08008228   0x08008228   0x00000016   Code   RO         1001    i.rtIsInfF          rt_nonfinite.o
    0x0800823e   0x0800823e   0x00000010   Code   RO         1003    i.rtIsNaNF          rt_nonfinite.o
    0x0800824e   0x0800824e   0x00000002   PAD
    0x08008250   0x08008250   0x00000134   Code   RO          755    i.rt_modf_snf       flux_ob.o
    0x08008384   0x08008384   0x00000048   Code   RO          631    i.spi1readword      spi.o
    0x080083cc   0x080083cc   0x00000058   Code   RO          632    i.spi1writeword     spi.o
    0x08008424   0x08008424   0x0000001c   Code   RO          633    i.spisck            spi.o
    0x08008440   0x08008440   0x00000052   Code   RO        11776    x$fpl$fcmp4         fz_wv.l(fcmp4.o)
    0x08008492   0x08008492   0x00000018   Code   RO        11847    x$fpl$fcmpinf       fz_wv.l(fcmpi.o)
    0x080084aa   0x080084aa   0x0000008c   Code   RO        11780    x$fpl$fnaninf       fz_wv.l(fnaninf.o)
    0x08008536   0x08008536   0x0000000a   Code   RO        11934    x$fpl$fpinit        fz_wv.l(fpinit.o)
    0x08008540   0x08008540   0x000000f4   Code   RO        11782    x$fpl$frem          fz_wv.l(frem_clz.o)
    0x08008634   0x08008634   0x00000000   Code   RO        11786    x$fpl$usenofp       fz_wv.l(usenofp.o)
    0x08008634   0x08008634   0x00000010   Data   RO          719    .constdata          system_stm32h7xx.o
    0x08008644   0x08008644   0x00000004   Data   RO          898    .constdata          foc_model.o
    0x08008648   0x08008648   0x0000000c   Data   RO          962    .constdata          foc_model_data.o
    0x08008654   0x08008654   0x00000008   Data   RO         2232    .constdata          stm32h7xx_hal_dma.o
    0x0800865c   0x0800865c   0x00000018   Data   RO         5061    .constdata          stm32h7xx_hal_uart.o
    0x08008674   0x08008674   0x00000010   Data   RO         5427    .constdata          stm32h7xx_hal_uart_ex.o
    0x08008684   0x08008684   0x00000020   Data   RO        11823    .constdata          m_wv.l(rredf.o)
    0x080086a4   0x080086a4   0x00000020   Data   RO        11990    Region$$Table       anon$$obj.o


    Execution Region RW_IRAM1 (Exec base: 0x20000000, Load base: 0x080086c4, Size: 0x00000000, Max: 0x00020000, ABSOLUTE)

    **** No section assigned to this execution region ****


    Execution Region RW_IRAM2 (Exec base: 0x24000000, Load base: 0x080086c4, Size: 0x000009d8, Max: 0x00080000, ABSOLUTE)

    Exec Addr    Load Addr    Size         Type   Attr      Idx    E Section Name        Object

    0x24000000   0x080086c4   0x00000018   Data   RW           20    .data               main.o
    0x24000018   0x080086dc   0x00000008   Data   RW          720    .data               system_stm32h7xx.o
    0x24000020   0x080086e4   0x00000004   Data   RW          899    .data               foc_model.o
    0x24000024   0x080086e8   0x00000004   Data   RW          900    .data               foc_model.o
    0x24000028   0x080086ec   0x00000014   Data   RW          901    .data               foc_model.o
    0x2400003c   0x08008700   0x00000004   Data   RW          902    .data               foc_model.o
    0x24000040   0x08008704   0x00000008   Data   RW          903    .data               foc_model.o
    0x24000048   0x0800870c   0x00000004   Data   RW         1007    .data               rt_nonfinite.o
    0x2400004c   0x08008710   0x0000000c   Data   RW         3123    .data               stm32h7xx_hal.o
    0x24000058        -       0x00000064   Zero   RW          291    .bss                adc.o
    0x240000bc        -       0x0000004c   Zero   RW          376    .bss                tim.o
    0x24000108        -       0x0000010c   Zero   RW          423    .bss                usart.o
    0x24000214        -       0x00000014   Zero   RW          587    .bss                bsp_drv8303.o
    0x24000228        -       0x00000088   Zero   RW          634    .bss                spi.o
    0x240002b0        -       0x000000bc   Zero   RW          896    .bss                foc_model.o
    0x2400036c        -       0x0000000c   Zero   RW          897    .bss                foc_model.o
    0x24000378        -       0x00000060   Zero   RW        11850    .bss                c_w.l(libspace.o)
    0x240003d8        -       0x00000200   Zero   RW            2    HEAP                startup_stm32h743xx.o
    0x240005d8        -       0x00000400   Zero   RW            1    STACK               startup_stm32h743xx.o


==============================================================================

Image component sizes


      Code (inc. data)   RO Data    RW Data    ZI Data      Debug   Object Name

       424         24          0          0        100       2117   adc.o
       104          0          0          0          0       4961   basicmathfunctions.o
       204         22          0          0         20       1827   bsp_drv8303.o
        44          4          0          0          0        890   dma.o
       856         64          0          0          0      11579   flux_ob.o
      1478         94          4         40        200      10908   foc_model.o
         0          0         12          0          0       3540   foc_model_data.o
       224         16          0          0          0       1123   gpio.o
       388         28          0          0          0       2405   idq_controller.o
       744         72          0         24          0    1346484   main.o
        38          0          0          4          0       1441   rt_nonfinite.o
        32          6          0          0          0       1418   smo_lpf.o
       544         54          0          0        136       5133   spi.o
        64         26        664          0       1536        836   startup_stm32h743xx.o
       232         44          0         12          0      24084   stm32h7xx_hal.o
      2692        188          0          0          0      75168   stm32h7xx_hal_adc.o
      2172        118          0          0          0      74751   stm32h7xx_hal_adc_ex.o
       354         28          0          0          0      42905   stm32h7xx_hal_cortex.o
      4776        180          8          0          0      10527   stm32h7xx_hal_dma.o
       616         50          0          0          0       4751   stm32h7xx_hal_gpio.o
        28          6          0          0          0        926   stm32h7xx_hal_msp.o
        84          6          0          0          0        861   stm32h7xx_hal_pwr_ex.o
      2466        102          0          0          0       7752   stm32h7xx_hal_rcc.o
      4776        174          0          0          0      11295   stm32h7xx_hal_rcc_ex.o
       380         14          0          0          0       1923   stm32h7xx_hal_spi.o
      2480        294          0          0          0      17988   stm32h7xx_hal_tim.o
       658         72          0          0          0       5233   stm32h7xx_hal_tim_ex.o
      2576        138         24          0          0      30414   stm32h7xx_hal_uart.o
       290          6         16          0          0       6182   stm32h7xx_hal_uart_ex.o
        64         18          0          0          0       5980   stm32h7xx_it.o
       208         10          0          0          0       1432   svpwm.o
       220         40         16          8          0       1538   system_stm32h7xx.o
       408         32          0          0         76       2644   tim.o
       304         32          0          0        268       2021   usart.o

    ----------------------------------------------------------------------
     30966       1962        776         88       2336    1723037   Object Totals
         0          0         32          0          0          0   (incl. Generated)
        38          0          0          0          0          0   (incl. Padding)

    ----------------------------------------------------------------------

      Code (inc. data)   RO Data    RW Data    ZI Data      Debug   Library Member Name

         8          0          0          0          0         68   __main.o
         0          0          0          0          0          0   __rtentry.o
        12          0          0          0          0          0   __rtentry2.o
         6          0          0          0          0          0   __rtentry4.o
        52          8          0          0          0          0   __scatter.o
        26          0          0          0          0          0   __scatter_copy.o
        28          0          0          0          0          0   __scatter_zi.o
        22          0          0          0          0        100   _rserrno.o
        18          0          0          0          0         80   exit.o
         6          0          0          0          0        152   heapauxi.o
         0          0          0          0          0          0   indicate_semi.o
         2          0          0          0          0          0   libinit.o
         6          0          0          0          0          0   libinit2.o
         2          0          0          0          0          0   libshutdown.o
         2          0          0          0          0          0   libshutdown2.o
         8          4          0          0         96         68   libspace.o
       238          0          0          0          0        100   lludivv7m.o
         8          4          0          0          0         68   rt_errno_addr_intlibspace.o
        78          0          0          0          0         80   rt_memclr_w.o
         2          0          0          0          0          0   rtexit.o
        10          0          0          0          0          0   rtexit2.o
        12          4          0          0          0         68   sys_exit.o
        74          0          0          0          0         80   sys_stackheap_outer.o
         2          0          0          0          0         68   use_no_semi.o
        82          4          0          0          0        160   fcmp4.o
        24          0          0          0          0        116   fcmpi.o
       140          4          0          0          0        132   fnaninf.o
        10          0          0          0          0        116   fpinit.o
       244          8          0          0          0        132   frem_clz.o
         0          0          0          0          0          0   usenofp.o
       336         60          0          0          0        136   cosf.o
       120         18          0          0          0        116   floorf.o
        72          0          0          0          0        148   fmaxf.o
        72          0          0          0          0        148   fminf.o
       176          0          0          0          0        168   fmodf.o
        38          0          0          0          0        116   fpclassifyf.o
        38         12          0          0          0        348   funder.o
       340         24         32          0          0        160   rredf.o
       404         60          0          0          0        212   sinf.o

    ----------------------------------------------------------------------
      2726        210         32          0         96       3140   Library Totals
         8          0          0          0          0          0   (incl. Padding)

    ----------------------------------------------------------------------

      Code (inc. data)   RO Data    RW Data    ZI Data      Debug   Library Name

       622         20          0          0         96        932   c_w.l
       500         16          0          0          0        656   fz_wv.l
      1596        174         32          0          0       1552   m_wv.l

    ----------------------------------------------------------------------
      2726        210         32          0         96       3140   Library Totals

    ----------------------------------------------------------------------

==============================================================================


      Code (inc. data)   RO Data    RW Data    ZI Data      Debug   

     33692       2172        808         88       2432    1709513   Grand Totals
     33692       2172        808         88       2432    1709513   ELF Image Totals
     33692       2172        808         88          0          0   ROM Totals

==============================================================================

    Total RO  Size (Code + RO Data)                34500 (  33.69kB)
    Total RW  Size (RW Data + ZI Data)              2520 (   2.46kB)
    Total ROM Size (Code + RO Data + RW Data)      34588 (  33.78kB)

==============================================================================

